Component: ARM Compiler 5.06 update 6 (build 750) Tool: armlink [4d35ed]

==============================================================================

Section Cross References

    lcd.o(i.copy_to_lcd) refers to lcd.o(i.wr_cmd) for wr_cmd
    lcd.o(i.copy_to_lcd) refers to lcd.o(i.wr_data) for wr_data
    lcd.o(i.copy_to_lcd) refers to lcd.o(.data) for activeL1
    lcd.o(i.copy_to_lcd) refers to lcd.o(.bss) for buffer
    lcd.o(i.do_write) refers to gpio_lpc17xx.o(i.GPIO_PinWrite) for GPIO_PinWrite
    lcd.o(i.do_write) refers to lcd.o(.data) for SPIdrv
    lcd.o(i.escribe_frase_L1) refers to lcd.o(i.escribe_letra_L1) for escribe_letra_L1
    lcd.o(i.escribe_frase_L2) refers to lcd.o(i.escribe_letra_L2) for escribe_letra_L2
    lcd.o(i.escribe_letra_L1) refers to lcd.o(.data) for activeL1
    lcd.o(i.escribe_letra_L1) refers to lcd.o(.constdata) for Arial12x12
    lcd.o(i.escribe_letra_L1) refers to lcd.o(.bss) for buffer
    lcd.o(i.escribe_letra_L2) refers to lcd.o(.data) for activeL2
    lcd.o(i.escribe_letra_L2) refers to lcd.o(.constdata) for Arial12x12
    lcd.o(i.escribe_letra_L2) refers to lcd.o(.bss) for buffer
    lcd.o(i.init_lcd) refers to gpio_lpc17xx.o(i.GPIO_SetDir) for GPIO_SetDir
    lcd.o(i.init_lcd) refers to gpio_lpc17xx.o(i.GPIO_PinWrite) for GPIO_PinWrite
    lcd.o(i.init_lcd) refers to lcd.o(i.retardo) for retardo
    lcd.o(i.init_lcd) refers to lcd.o(.data) for SPIdrv
    lcd.o(i.reset_lcd) refers to lcd.o(i.wr_cmd) for wr_cmd
    lcd.o(i.wr_cmd) refers to lcd.o(i.do_write) for do_write
    lcd.o(i.wr_data) refers to lcd.o(i.do_write) for do_write
    lcd.o(.data) refers to ssp_lpc17xx.o(.constdata) for Driver_SPI1
    thread_rtc.o(i.init_threads) refers to rt_cmsis.o(i.osThreadCreate) for osThreadCreate
    thread_rtc.o(i.init_threads) refers to thread_rtc.o(.constdata) for os_thread_def_thread_rtc
    thread_rtc.o(i.init_threads) refers to main.o(.data) for id_thread_rtc
    thread_rtc.o(i.read_bits) refers to dflt_clz.o(x$fpl$dflt) for __aeabi_i2d
    thread_rtc.o(i.read_bits) refers to pow.o(i.pow) for pow
    thread_rtc.o(i.read_bits) refers to daddsub_clz.o(x$fpl$dsub) for __aeabi_dsub
    thread_rtc.o(i.read_bits) refers to dfix.o(x$fpl$dfix) for __aeabi_d2iz
    thread_rtc.o(i.thread_led3) refers to rt_cmsis.o(i.osSignalWait) for osSignalWait
    thread_rtc.o(i.thread_led3) refers to gpio_lpc17xx.o(i.GPIO_PinWrite) for GPIO_PinWrite
    thread_rtc.o(i.thread_led3) refers to rt_cmsis.o(i.osDelay) for osDelay
    thread_rtc.o(i.thread_led3) refers to thread_rtc.o(i.read_bits) for read_bits
    thread_rtc.o(i.thread_led3) refers to thread_rtc.o(.data) for led3_on
    thread_rtc.o(i.thread_rtc) refers to _printf_percent.o(.ARM.Collect$$_printf_percent$$00000000) for _printf_percent
    thread_rtc.o(i.thread_rtc) refers to _printf_d.o(.ARM.Collect$$_printf_percent$$00000009) for _printf_d
    thread_rtc.o(i.thread_rtc) refers to _printf_dec.o(.text) for _printf_int_dec
    thread_rtc.o(i.thread_rtc) refers to thread_rtc.o(i.read_bits) for read_bits
    thread_rtc.o(i.thread_rtc) refers to noretval__2snprintf.o(.text) for __2snprintf
    thread_rtc.o(i.thread_rtc) refers to lcd.o(i.escribe_frase_L1) for escribe_frase_L1
    thread_rtc.o(i.thread_rtc) refers to lcd.o(i.escribe_frase_L2) for escribe_frase_L2
    thread_rtc.o(i.thread_rtc) refers to lcd.o(i.copy_to_lcd) for copy_to_lcd
    thread_rtc.o(i.thread_rtc) refers to rt_cmsis.o(i.osDelay) for osDelay
    thread_rtc.o(i.thread_rtc) refers to main.o(.bss) for lcd_text
    thread_rtc.o(.constdata) refers to thread_rtc.o(i.thread_rtc) for thread_rtc
    thread_rtc.o(.constdata) refers to thread_rtc.o(i.thread_led3) for thread_led3
    main.o(i.EINT3_IRQHandler) refers to thread_rtc.o(i.reset_rtc_date) for reset_rtc_date
    main.o(i.RTC_IRQHandler) refers to rt_cmsis.o(i.osSignalSet) for osSignalSet
    main.o(i.RTC_IRQHandler) refers to main.o(.data) for id_thread_led3
    main.o(i.init_peripherals) refers to main.o(i.lcd_initialize) for lcd_initialize
    main.o(i.init_peripherals) refers to gpio_lpc17xx.o(i.GPIO_SetDir) for GPIO_SetDir
    main.o(i.init_peripherals) refers to gpio_lpc17xx.o(i.GPIO_PinWrite) for GPIO_PinWrite
    main.o(i.init_peripherals) refers to main.o(i.__NVIC_EnableIRQ) for __NVIC_EnableIRQ
    main.o(i.init_peripherals) refers to pin_lpc17xx.o(i.PIN_Configure) for PIN_Configure
    main.o(i.lcd_initialize) refers to lcd.o(i.init_lcd) for init_lcd
    main.o(i.lcd_initialize) refers to lcd.o(i.reset_lcd) for reset_lcd
    main.o(i.lcd_initialize) refers to noretval__2sprintf.o(.text) for __2sprintf
    main.o(i.lcd_initialize) refers to lcd.o(i.escribe_frase_L1) for escribe_frase_L1
    main.o(i.lcd_initialize) refers to lcd.o(i.escribe_frase_L2) for escribe_frase_L2
    main.o(i.lcd_initialize) refers to lcd.o(i.copy_to_lcd) for copy_to_lcd
    main.o(i.lcd_initialize) refers to main.o(.bss) for lcd_text
    main.o(i.main) refers to rt_cmsis.o(i.osKernelInitialize) for osKernelInitialize
[...]
    i.rt_tid2ptcb                            0x00004ad0   Section        0  rt_cmsis.o(i.rt_tid2ptcb)
    rt_tid2ptcb                              0x00004ad1   Thumb Code    18  rt_cmsis.o(i.rt_tid2ptcb)
    i.rt_timer_insert                        0x00004ae4   Section        0  rt_cmsis.o(i.rt_timer_insert)
    rt_timer_insert                          0x00004ae5   Thumb Code    48  rt_cmsis.o(i.rt_timer_insert)
    i.rt_tsk_create                          0x00004b18   Section        0  rt_task.o(i.rt_tsk_create)
    i.rt_tsk_delete                          0x00004ba0   Section        0  rt_task.o(i.rt_tsk_delete)
    i.rt_tsk_prio                            0x00004d1c   Section        0  rt_task.o(i.rt_tsk_prio)
    i.rt_tsk_self                            0x00004d98   Section        0  rt_task.o(i.rt_tsk_self)
    i.sqrt                                   0x00004da8   Section        0  sqrt.o(i.sqrt)
    i.svcDelay                               0x00004df4   Section        0  rt_cmsis.o(i.svcDelay)
    i.svcKernelInitialize                    0x00004e08   Section        0  rt_cmsis.o(i.svcKernelInitialize)
    i.svcKernelStart                         0x00004e78   Section        0  rt_cmsis.o(i.svcKernelStart)
    i.svcMessageCreate                       0x00004ec0   Section        0  rt_cmsis.o(i.svcMessageCreate)
    i.svcMessageGet                          0x00004ee4   Section        0  rt_cmsis.o(i.svcMessageGet)
    i.svcSignalSet                           0x00004f1e   Section        0  rt_cmsis.o(i.svcSignalSet)
    i.svcSignalWait                          0x00004f44   Section        0  rt_cmsis.o(i.svcSignalWait)
    i.svcThreadCreate                        0x00004f98   Section        0  rt_cmsis.o(i.svcThreadCreate)
    i.svcThreadGetId                         0x00005004   Section        0  rt_cmsis.o(i.svcThreadGetId)
    i.svcThreadTerminate                     0x00005020   Section        0  rt_cmsis.o(i.svcThreadTerminate)
    i.svcTimerCall                           0x00005058   Section        0  rt_cmsis.o(i.svcTimerCall)
    i.sysTimerTick                           0x00005070   Section        0  rt_cmsis.o(i.sysTimerTick)
    i.thread_led3                            0x000050cc   Section        0  thread_rtc.o(i.thread_led3)
    i.thread_rtc                             0x00005130   Section        0  thread_rtc.o(i.thread_rtc)
    i.wr_cmd                                 0x000051f0   Section        0  lcd.o(i.wr_cmd)
    i.wr_data                                0x00005200   Section        0  lcd.o(i.wr_data)
    x$fpl$dadd                               0x00005210   Section      336  daddsub_clz.o(x$fpl$dadd)
    _dadd1                                   0x00005221   Thumb Code     0  daddsub_clz.o(x$fpl$dadd)
    x$fpl$dcheck1                            0x00005360   Section       16  dcheck1.o(x$fpl$dcheck1)
    x$fpl$dcmpinf                            0x00005370   Section       24  dcmpi.o(x$fpl$dcmpinf)
    x$fpl$ddiv                               0x00005388   Section      688  ddiv.o(x$fpl$ddiv)
    ddiv_entry                               0x0000538f   Thumb Code     0  ddiv.o(x$fpl$ddiv)
    x$fpl$dfix                               0x00005638   Section       94  dfix.o(x$fpl$dfix)
    x$fpl$dflt                               0x00005696   Section       46  dflt_clz.o(x$fpl$dflt)
    x$fpl$dleqf                              0x000056c4   Section      120  dleqf.o(x$fpl$dleqf)
    x$fpl$dmul                               0x0000573c   Section      340  dmul.o(x$fpl$dmul)
    x$fpl$dnaninf                            0x00005890   Section      156  dnaninf.o(x$fpl$dnaninf)
    x$fpl$dretinf                            0x0000592c   Section       12  dretinf.o(x$fpl$dretinf)
    x$fpl$drleqf                             0x00005938   Section      108  drleqf.o(x$fpl$drleqf)
    x$fpl$drsb                               0x000059a4   Section       22  daddsub_clz.o(x$fpl$drsb)
    x$fpl$dsqrt                              0x000059bc   Section      460  dsqrt_noumaal.o(x$fpl$dsqrt)
    x$fpl$dsub                               0x00005b88   Section      468  daddsub_clz.o(x$fpl$dsub)
    _dsub1                                   0x00005b99   Thumb Code     0  daddsub_clz.o(x$fpl$dsub)
    x$fpl$retnan                             0x00005d5c   Section      100  retnan.o(x$fpl$retnan)
    x$fpl$scalbn                             0x00005dc0   Section       92  scalbn.o(x$fpl$scalbn)
    x$fpl$trapveneer                         0x00005e1c   Section       48  trapv.o(x$fpl$trapveneer)
    .constdata                               0x00005e4c   Section     2400  lcd.o(.constdata)
    x$fpl$usenofp                            0x00005e4c   Section        0  usenofp.o(x$fpl$usenofp)
    .constdata                               0x000067ac   Section       32  thread_rtc.o(.constdata)
    .constdata                               0x000067cc   Section      104  rtx_conf_cm.o(.constdata)
    __tagsym$$used                           0x000067e8   Number         0  rtx_conf_cm.o(.constdata)
    __tagsym$$used                           0x000067ec   Number         0  rtx_conf_cm.o(.constdata)
    __tagsym$$used                           0x000067f0   Number         0  rtx_conf_cm.o(.constdata)
    __tagsym$$used                           0x000067f4   Number         0  rtx_conf_cm.o(.constdata)
    .constdata                               0x00006834   Section      108  spi_lpc17xx.o(.constdata)
    DriverVersion                            0x00006834   Data           4  spi_lpc17xx.o(.constdata)
    DriverCapabilities                       0x00006838   Data           4  spi_lpc17xx.o(.constdata)
    SPI_Resources                            0x0000683c   Data          56  spi_lpc17xx.o(.constdata)
    .constdata                               0x000068a0   Section      124  ssp_lpc17xx.o(.constdata)
    DriverVersion                            0x000068a0   Data           4  ssp_lpc17xx.o(.constdata)
    DriverCapabilities                       0x000068a4   Data           4  ssp_lpc17xx.o(.constdata)
    SSP1_Resources                           0x000068a8   Data          72  ssp_lpc17xx.o(.constdata)
    .constdata                               0x00006920   Section      136  pow.o(.constdata)
    bp                                       0x00006920   Data          16  pow.o(.constdata)
    dp_h                                     0x00006930   Data          16  pow.o(.constdata)
    dp_l                                     0x00006940   Data          16  pow.o(.constdata)
    L                                        0x00006950   Data          48  pow.o(.constdata)
    P                                        0x00006980   Data          40  pow.o(.constdata)
    .constdata                               0x000069a8   Section        8  qnan.o(.constdata)
    .bss                                     0x10000000   Section     7960  rtx_conf_cm.o(.bss)
    std_libspace                             0x10001bf8   Data         672  rtx_conf_cm.o(.bss)
    std_libmutex                             0x10001e98   Data         128  rtx_conf_cm.o(.bss)
    .data                                    0x2007c000   Section        6  lcd.o(.data)
    .data                                    0x2007c006   Section        1  thread_rtc.o(.data)
    led3_on                                  0x2007c006   Data           1  thread_rtc.o(.data)
    .data                                    0x2007c008   Section        8  main.o(.data)
    .data                                    0x2007c010   Section       20  rtx_conf_cm.o(.data)
    nr_mutex                                 0x2007c020   Data           4  rtx_conf_cm.o(.data)
    .data                                    0x2007c024   Section       12  spi_lpc17xx.o(.data)
    SPI_pin_sck                              0x2007c024   Data           2  spi_lpc17xx.o(.data)
    SPI_pin_miso                             0x2007c026   Data           2  spi_lpc17xx.o(.data)
    SPI_pin_mosi                             0x2007c028   Data           2  spi_lpc17xx.o(.data)
    spi                                      0x2007c02c   Data           4  spi_lpc17xx.o(.data)
    .data                                    0x2007c030   Section       16  ssp_lpc17xx.o(.data)
    SSP1_pin_sck                             0x2007c030   Data           2  ssp_lpc17xx.o(.data)
    SSP1_pin_miso                            0x2007c032   Data           2  ssp_lpc17xx.o(.data)
    SSP1_pin_mosi                            0x2007c034   Data           2  ssp_lpc17xx.o(.data)
    SSP1_pin_ssel                            0x2007c036   Data           2  ssp_lpc17xx.o(.data)
    dummy_data                               0x2007c038   Data           4  ssp_lpc17xx.o(.data)
    dummy_data                               0x2007c03c   Data           4  ssp_lpc17xx.o(.data)
    .data                                    0x2007c040   Section        8  gpdma_lpc17xx.o(.data)
    Channel_active                           0x2007c040   Data           4  gpdma_lpc17xx.o(.data)
    Init_cnt                                 0x2007c044   Data           4  gpdma_lpc17xx.o(.data)
    .data                                    0x2007c048   Section        4  system_lpc17xx.o(.data)
    .data                                    0x2007c04c   Section        8  rt_cmsis.o(.data)
    .data                                    0x2007c054   Section        8  rt_task.o(.data)
    .data                                    0x2007c05c   Section        8  rt_system.o(.data)
    os_lock                                  0x2007c05c   Data           1  rt_system.o(.data)
    os_psh_flag                              0x2007c05d   Data           1  rt_system.o(.data)
    pend_flags                               0x2007c05e   Data           1  rt_system.o(.data)
    .data                                    0x2007c064   Section        4  rt_time.o(.data)
    .data                                    0x2007c068   Section        8  rt_robin.o(.data)
    .data                                    0x2007c070   Section        1  hal_cm.o(.data)
    .bss                                     0x2007c074   Section      512  lcd.o(.bss)
    .bss                                     0x2007c274   Section       40  main.o(.bss)
    .bss                                     0x2007c29c   Section       40  spi_lpc17xx.o(.bss)
    SPI_Info                                 0x2007c29c   Data          12  spi_lpc17xx.o(.bss)
    SPI_Xfer                                 0x2007c2a8   Data          28  spi_lpc17xx.o(.bss)
    .bss                                     0x2007c2c4   Section       40  ssp_lpc17xx.o(.bss)
    SSP1_Info                                0x2007c2c4   Data          12  ssp_lpc17xx.o(.bss)
    SSP1_Xfer                                0x2007c2d0   Data          28  ssp_lpc17xx.o(.bss)
    .bss                                     0x2007c2ec   Section       64  gpdma_lpc17xx.o(.bss)
    GPDMA_cb_event                           0x2007c2ec   Data          32  gpdma_lpc17xx.o(.bss)
    Channel_transfer_sz                      0x2007c30c   Data          32  gpdma_lpc17xx.o(.bss)
    .bss                                     0x2007c32c   Section       52  rt_task.o(.bss)
    .bss                                     0x2007c360   Section       48  rt_list.o(.bss)
    .bss                                     0x2007c390   Section       96  libspace.o(.bss)
    HEAP                                     0x2007c3f0   Section        0  startup_lpc17xx.o(HEAP)
    STACK                                    0x2007c3f0   Section      512  startup_lpc17xx.o(STACK)
    Heap_Mem                                 0x2007c3f0   Data           0  startup_lpc17xx.o(HEAP)
    Stack_Mem                                0x2007c3f0   Data         512  startup_lpc17xx.o(STACK)
    __initial_sp                             0x2007c5f0   Data           0  startup_lpc17xx.o(STACK)

    Global Symbols

    Symbol Name                              Value     Ov Type        Size  Object(Section)

    BuildAttributes$$THM_ISAv4$P$D$K$B$S$PE$A:L22UL41UL21$X:L11$S22US41US21$IEEE1$IW$USESV6$~STKCKD$USESV7$~SHL$OTIME$ROPI$IEEEX$EBA8$UX$STANDARDLIB$REQ8$PRES8$EABIv2 0x00000000   Number         0  anon$$obj.o ABSOLUTE
    __ARM_use_no_argv                        0x00000000   Number         0  main.o ABSOLUTE
    __Vectors                                0x00000000   Data           4  startup_lpc17xx.o(RESET)
    _printf_flags                            0x00000000   Number         0  printf_stubs.o ABSOLUTE
    _printf_return_value                     0x00000000   Number         0  printf_stubs.o ABSOLUTE
    _printf_sizespec                         0x00000000   Number         0  printf_stubs.o ABSOLUTE
    _printf_widthprec                        0x00000000   Number         0  printf_stubs.o ABSOLUTE
    __ARM_exceptions_init                     - Undefined Weak Reference
    __alloca_initialize                       - Undefined Weak Reference
    __arm_preinit_                            - Undefined Weak Reference
    __cpp_initialize__aeabi_                  - Undefined Weak Reference
    __cxa_finalize                            - Undefined Weak Reference
    __rt_locale                               - Undefined Weak Reference
    __sigvec_lookup                           - Undefined Weak Reference
    _atexit_init                              - Undefined Weak Reference
    _call_atexit_fns                          - Undefined Weak Reference
    _clock_init                               - Undefined Weak Reference
    _fp_trap_init                             - Undefined Weak Reference
    _fp_trap_shutdown                         - Undefined Weak Reference
    _get_lc_collate                           - Undefined Weak Reference
    _get_lc_ctype                             - Undefined Weak Reference
    _get_lc_monetary                          - Undefined Weak Reference
    _get_lc_numeric                           - Undefined Weak Reference
    _get_lc_time                              - Undefined Weak Reference
    _getenv_init                              - Undefined Weak Reference
    _handle_redirection                       - Undefined Weak Reference
    _init_alloc                               - Undefined Weak Reference
    _init_user_alloc                          - Undefined Weak Reference
    _initio                                   - Undefined Weak Reference
    _printf_post_padding                      - Undefined Weak Reference
    _printf_pre_padding                       - Undefined Weak Reference
    _printf_truncate_signed                   - Undefined Weak Reference
    _printf_truncate_unsigned                 - Undefined Weak Reference
    _rand_init                                - Undefined Weak Reference
    _signal_finish                            - Undefined Weak Reference
    _signal_init                              - Undefined Weak Reference
    _terminate_alloc                          - Undefined Weak Reference
    _terminate_user_alloc                     - Undefined Weak Reference
    _terminateio                              - Undefined Weak Reference
    __main                                   0x000000cd   Thumb Code     8  __main.o(!!!main)
    __scatterload                            0x000000d5   Thumb Code     0  __scatter.o(!!!scatter)
    __scatterload_rt2                        0x000000d5   Thumb Code    44  __scatter.o(!!!scatter)
    __scatterload_rt2_thumb_only             0x000000d5   Thumb Code     0  __scatter.o(!!!scatter)
    __scatterload_null                       0x000000e3   Thumb Code     0  __scatter.o(!!!scatter)
    __scatterload_copy                       0x00000109   Thumb Code    26  __scatter_copy.o(!!handler_copy)
    __scatterload_zeroinit                   0x00000125   Thumb Code    28  __scatter_zi.o(!!handler_zi)
    _printf_d                                0x00000141   Thumb Code     0  _printf_d.o(.ARM.Collect$$_printf_percent$$00000009)
    _printf_percent                          0x00000141   Thumb Code     0  _printf_percent.o(.ARM.Collect$$_printf_percent$$00000000)
    _printf_percent_end                      0x00000147   Thumb Code     0  _printf_percent_end.o(.ARM.Collect$$_printf_percent$$00000017)
    __rt_lib_init                            0x0000014b   Thumb Code     0  libinit.o(.ARM.Collect$$libinit$$00000000)
    __rt_lib_init_alloca_1                   0x0000014d   Thumb Code     0  libinit2.o(.ARM.Collect$$libinit$$0000002E)
    __rt_lib_init_argv_1                     0x0000014d   Thumb Code     0  libinit2.o(.ARM.Collect$$libinit$$0000002C)
    __rt_lib_init_atexit_1                   0x0000014d   Thumb Code     0  libinit2.o(.ARM.Collect$$libinit$$0000001B)
    __rt_lib_init_clock_1                    0x0000014d   Thumb Code     0  libinit2.o(.ARM.Collect$$libinit$$00000021)
    __rt_lib_init_cpp_1                      0x0000014d   Thumb Code     0  libinit2.o(.ARM.Collect$$libinit$$00000032)
    __rt_lib_init_exceptions_1               0x0000014d   Thumb Code     0  libinit2.o(.ARM.Collect$$libinit$$00000030)
    __rt_lib_init_fp_1                       0x0000014d   Thumb Code     0  libinit2.o(.ARM.Collect$$libinit$$00000002)
    __rt_lib_init_fp_trap_1                  0x0000014d   Thumb Code     0  libinit2.o(.ARM.Collect$$libinit$$0000001F)
    __rt_lib_init_getenv_1                   0x0000014d   Thumb Code     0  libinit2.o(.ARM.Collect$$libinit$$00000023)
    __rt_lib_init_heap_1                     0x0000014d   Thumb Code     0  libinit2.o(.ARM.Collect$$libinit$$0000000A)
    __rt_lib_init_lc_collate_1               0x0000014d   Thumb Code     0  libinit2.o(.ARM.Collect$$libinit$$00000011)
    __rt_lib_init_lc_ctype_1                 0x0000014d   Thumb Code     0  libinit2.o(.ARM.Collect$$libinit$$00000013)
    __rt_lib_init_lc_monetary_1              0x0000014d   Thumb Code     0  libinit2.o(.ARM.Collect$$libinit$$00000015)
    __rt_lib_init_lc_numeric_1               0x0000014d   Thumb Code     0  libinit2.o(.ARM.Collect$$libinit$$00000017)
    __rt_lib_init_lc_time_1                  0x0000014d   Thumb Code     0  libinit2.o(.ARM.Collect$$libinit$$00000019)
    __rt_lib_init_preinit_1                  0x0000014d   Thumb Code     0  libinit2.o(.ARM.Collect$$libinit$$00000004)
    __rt_lib_init_rand_1                     0x0000014d   Thumb Code     0  libinit2.o(.ARM.Collect$$libinit$$0000000E)
    __rt_lib_init_return                     0x0000014d   Thumb Code     0  libinit2.o(.ARM.Collect$$libinit$$00000033)
    __rt_lib_init_signal_1                   0x0000014d   Thumb Code     0  libinit2.o(.ARM.Collect$$libinit$$0000001D)
    __rt_lib_init_stdio_1                    0x0000014d   Thumb Code     0  libinit2.o(.ARM.Collect$$libinit$$00000025)
    __rt_lib_init_user_alloc_1               0x0000014d   Thumb Code     0  libinit2.o(.ARM.Collect$$libinit$$0000000C)
    __rt_lib_shutdown                        0x0000014f   Thumb Code     0  libshutdown.o(.ARM.Collect$$libshutdown$$00000000)
    __rt_lib_shutdown_cpp_1                  0x00000151   Thumb Code     0  libshutdown2.o(.ARM.Collect$$libshutdown$$00000002)
    __rt_lib_shutdown_fp_trap_1              0x00000151   Thumb Code     0  libshutdown2.o(.ARM.Collect$$libshutdown$$00000007)
    __rt_lib_shutdown_heap_1                 0x00000151   Thumb Code     0  libshutdown2.o(.ARM.Collect$$libshutdown$$0000000F)
    __rt_lib_shutdown_return                 0x00000151   Thumb Code     0  libshutdown2.o(.ARM.Collect$$libshutdown$$00000010)
    __rt_lib_shutdown_signal_1               0x00000151   Thumb Code     0  libshutdown2.o(.ARM.Collect$$libshutdown$$0000000A)
    __rt_lib_shutdown_stdio_1                0x00000151   Thumb Code     0  libshutdown2.o(.ARM.Collect$$libshutdown$$00000004)
    __rt_lib_shutdown_user_alloc_1           0x00000151   Thumb Code     0  libshutdown2.o(.ARM.Collect$$libshutdown$$0000000C)
    __rt_entry                               0x00000153   Thumb Code     0  __rtentry.o(.ARM.Collect$$rtentry$$00000000)
    __rt_entry_presh_1                       0x00000153   Thumb Code     0  __rtentry2.o(.ARM.Collect$$rtentry$$00000002)
    __rt_entry_sh                            0x00000153   Thumb Code     0  __rtentry4.o(.ARM.Collect$$rtentry$$00000004)
    __rt_entry_li                            0x00000159   Thumb Code     0  __rtentry2.o(.ARM.Collect$$rtentry$$0000000A)
    __rt_entry_postsh_1                      0x00000159   Thumb Code     0  __rtentry2.o(.ARM.Collect$$rtentry$$00000009)
    __rt_entry_postli_1                      0x0000015d   Thumb Code     0  __rtentry2.o(.ARM.Collect$$rtentry$$0000000B)
    __rt_entry_main                          0x00000165   Thumb Code     0  __rtentry2.o(.ARM.Collect$$rtentry$$0000000D)
    __rt_exit                                0x0000016d   Thumb Code     0  rtexit.o(.ARM.Collect$$rtexit$$00000000)
    __rt_exit_ls                             0x0000016f   Thumb Code     0  rtexit2.o(.ARM.Collect$$rtexit$$00000003)
    __rt_exit_prels_1                        0x0000016f   Thumb Code     0  rtexit2.o(.ARM.Collect$$rtexit$$00000002)
    __rt_exit_exit                           0x00000173   Thumb Code     0  rtexit2.o(.ARM.Collect$$rtexit$$00000004)
    _platform_post_lib_init                  0x00000179   Thumb Code    24  rtx_conf_cm.o(.emb_text)
    rt_set_PSP                               0x00000195   Thumb Code     6  hal_cm3.o(.emb_text)
    rt_get_PSP                               0x0000019b   Thumb Code     6  hal_cm3.o(.emb_text)
    os_set_env                               0x000001a1   Thumb Code    24  hal_cm3.o(.emb_text)
    _alloc_box                               0x000001bd   Thumb Code    28  hal_cm3.o(.emb_text)
    _free_box                                0x000001dd   Thumb Code    28  hal_cm3.o(.emb_text)
    SVC_Handler                              0x000001fd   Thumb Code   108  hal_cm3.o(.emb_text)
    PendSV_Handler                           0x00000275   Thumb Code    56  hal_cm3.o(.emb_text)
    SysTick_Handler                          0x000002b1   Thumb Code     8  hal_cm3.o(.emb_text)
    OS_Tick_Handler                          0x000002b9   Thumb Code    12  hal_cm3.o(.emb_text)
    __user_libspace                          0x000002c5   Thumb Code     8  libspace.o(.text)
    __user_perproc_libspace                  0x000002c5   Thumb Code     0  libspace.o(.text)
    __2sprintf                               0x000002cd   Thumb Code    34  noretval__2sprintf.o(.text)
    __use_two_region_memory                  0x000002f5   Thumb Code     2  heapauxi.o(.text)
    __rt_heap_escrow$2region                 0x000002f7   Thumb Code     2  heapauxi.o(.text)
    __rt_heap_expand$2region                 0x000002f9   Thumb Code     2  heapauxi.o(.text)
    __I$use$semihosting                      0x000002fb   Thumb Code     0  use_no_semi.o(.text)
    __use_no_semihosting_swi                 0x000002fb   Thumb Code     2  use_no_semi.o(.text)
    Reset_Handler                            0x00000301   Thumb Code     8  startup_lpc17xx.o(.text)
    NMI_Handler                              0x00000309   Thumb Code     2  startup_lpc17xx.o(.text)
    HardFault_Handler                        0x0000030b   Thumb Code     2  startup_lpc17xx.o(.text)
    MemManage_Handler                        0x0000030d   Thumb Code     2  startup_lpc17xx.o(.text)
    BusFault_Handler                         0x0000030f   Thumb Code     2  startup_lpc17xx.o(.text)
    UsageFault_Handler                       0x00000311   Thumb Code     2  startup_lpc17xx.o(.text)
    DebugMon_Handler                         0x00000315   Thumb Code     2  startup_lpc17xx.o(.text)
    ADC_IRQHandler                           0x0000031b   Thumb Code     0  startup_lpc17xx.o(.text)
    BOD_IRQHandler                           0x0000031b   Thumb Code     0  startup_lpc17xx.o(.text)
    CANActivity_IRQHandler                   0x0000031b   Thumb Code     0  startup_lpc17xx.o(.text)
    CAN_IRQHandler                           0x0000031b   Thumb Code     0  startup_lpc17xx.o(.text)
    EINT0_IRQHandler                         0x0000031b   Thumb Code     0  startup_lpc17xx.o(.text)
    EINT1_IRQHandler                         0x0000031b   Thumb Code     0  startup_lpc17xx.o(.text)
    EINT2_IRQHandler                         0x0000031b   Thumb Code     0  startup_lpc17xx.o(.text)
    ENET_IRQHandler                          0x0000031b   Thumb Code     0  startup_lpc17xx.o(.text)
    I2C0_IRQHandler                          0x0000031b   Thumb Code     0  startup_lpc17xx.o(.text)
    I2C1_IRQHandler                          0x0000031b   Thumb Code     0  startup_lpc17xx.o(.text)
    I2C2_IRQHandler                          0x0000031b   Thumb Code     0  startup_lpc17xx.o(.text)
    I2S_IRQHandler                           0x0000031b   Thumb Code     0  startup_lpc17xx.o(.text)
    MCPWM_IRQHandler                         0x0000031b   Thumb Code     0  startup_lpc17xx.o(.text)
    PLL0_IRQHandler                          0x0000031b   Thumb Code     0  startup_lpc17xx.o(.text)
    PLL1_IRQHandler                          0x0000031b   Thumb Code     0  startup_lpc17xx.o(.text)
    PWM1_IRQHandler                          0x0000031b   Thumb Code     0  startup_lpc17xx.o(.text)
    QEI_IRQHandler                           0x0000031b   Thumb Code     0  startup_lpc17xx.o(.text)
    RIT_IRQHandler                           0x0000031b   Thumb Code     0  startup_lpc17xx.o(.text)
    SSP0_IRQHandler                          0x0000031b   Thumb Code     0  startup_lpc17xx.o(.text)
    TIMER0_IRQHandler                        0x0000031b   Thumb Code     0  startup_lpc17xx.o(.text)
    TIMER1_IRQHandler                        0x0000031b   Thumb Code     0  startup_lpc17xx.o(.text)
    TIMER2_IRQHandler                        0x0000031b   Thumb Code     0  startup_lpc17xx.o(.text)
    TIMER3_IRQHandler                        0x0000031b   Thumb Code     0  startup_lpc17xx.o(.text)
    UART0_IRQHandler                         0x0000031b   Thumb Code     0  startup_lpc17xx.o(.text)
    UART1_IRQHandler                         0x0000031b   Thumb Code     0  startup_lpc17xx.o(.text)
    UART2_IRQHandler                         0x0000031b   Thumb Code     0  startup_lpc17xx.o(.text)
    UART3_IRQHandler                         0x0000031b   Thumb Code     0  startup_lpc17xx.o(.text)
    USBActivity_IRQHandler                   0x0000031b   Thumb Code     0  startup_lpc17xx.o(.text)
    USB_IRQHandler                           0x0000031b   Thumb Code     0  startup_lpc17xx.o(.text)
    WDT_IRQHandler                           0x0000031b   Thumb Code     0  startup_lpc17xx.o(.text)
    __user_initial_stackheap                 0x0000031d   Thumb Code     0  startup_lpc17xx.o(.text)
    __2snprintf                              0x0000033d   Thumb Code    48  noretval__2snprintf.o(.text)
    _printf_int_dec                          0x00000371   Thumb Code   104  _printf_dec.o(.text)
    __printf                                 0x000003e9   Thumb Code   270  __printf_wp.o(.text)
    __RL_RTX_VER                             0x00000482   Number         0  rt_system.o ABSOLUTE
    exit                                     0x000004f7   Thumb Code    18  exit.o(.text)
    __aeabi_memclr4                          0x00000509   Thumb Code     0  rt_memclr_w.o(.text)
    __aeabi_memclr8                          0x00000509   Thumb Code     0  rt_memclr_w.o(.text)
    __rt_memclr_w                            0x00000509   Thumb Code    78  rt_memclr_w.o(.text)
    _memset_w                                0x0000050d   Thumb Code     0  rt_memclr_w.o(.text)
    __read_errno                             0x00000557   Thumb Code    10  _rserrno.o(.text)
    __set_errno                              0x00000561   Thumb Code    12  _rserrno.o(.text)
    _printf_int_common                       0x0000056d   Thumb Code   178  _printf_intcommon.o(.text)
    _printf_char_common                      0x0000062b   Thumb Code    32  _printf_char_common.o(.text)
    _sputc                                   0x00000651   Thumb Code    10  _sputc.o(.text)
    _snputc                                  0x0000065b   Thumb Code    16  _snputc.o(.text)
    __aeabi_errno_addr                       0x0000066b   Thumb Code     4  rt_errno_addr_twolibspace.o(.text)
    __errno$twolibspace                      0x0000066b   Thumb Code     0  rt_errno_addr_twolibspace.o(.text)
    __rt_errno_addr$twolibspace              0x0000066b   Thumb Code     0  rt_errno_addr_twolibspace.o(.text)
    _sys_exit                                0x00000671   Thumb Code     8  sys_exit.o(.text)
    __user_setup_stackheap                   0x0000067d   Thumb Code    74  sys_stackheap_outer.o(.text)
    __semihosting_library_function           0x000006c7   Thumb Code     0  indicate_semi.o(.text)
    SVC_Count                                0x000006c8   Data           4  svc_table.o(SVC_TABLE)
    SVC_Table                                0x000006cc   Data           0  svc_table.o(SVC_TABLE)
    DMA_IRQHandler                           0x000006ed   Thumb Code   100  gpdma_lpc17xx.o(i.DMA_IRQHandler)
    EINT3_IRQHandler                         0x00000759   Thumb Code    36  main.o(i.EINT3_IRQHandler)
    GPDMA_ChannelConfigure                   0x00000781   Thumb Code   136  gpdma_lpc17xx.o(i.GPDMA_ChannelConfigure)
    GPDMA_ChannelDisable                     0x00000819   Thumb Code    44  gpdma_lpc17xx.o(i.GPDMA_ChannelDisable)
    GPDMA_ChannelGetCount                    0x00000849   Thumb Code    32  gpdma_lpc17xx.o(i.GPDMA_ChannelGetCount)
    GPDMA_Initialize                         0x00000871   Thumb Code   112  gpdma_lpc17xx.o(i.GPDMA_Initialize)
    GPDMA_PeripheralSelect                   0x000008f5   Thumb Code    62  gpdma_lpc17xx.o(i.GPDMA_PeripheralSelect)
    GPDMA_Uninitialize                       0x00000939   Thumb Code   116  gpdma_lpc17xx.o(i.GPDMA_Uninitialize)
    GPIO_PinWrite                            0x000009b9   Thumb Code    36  gpio_lpc17xx.o(i.GPIO_PinWrite)
    GPIO_SetDir                              0x000009e1   Thumb Code    52  gpio_lpc17xx.o(i.GPIO_SetDir)
    PIN_Configure                            0x00000aad   Thumb Code   246  pin_lpc17xx.o(i.PIN_Configure)
    RTC_IRQHandler                           0x00000ba9   Thumb Code    26  main.o(i.RTC_IRQHandler)
    SPI_IRQHandler                           0x00001259   Thumb Code   516  spi_lpc17xx.o(i.SPI_IRQHandler)
    SSP1_GPDMA_Rx_SignalEvent                0x00001a6d   Thumb Code    14  ssp_lpc17xx.o(i.SSP1_GPDMA_Rx_SignalEvent)
    SSP1_GPDMA_Tx_SignalEvent                0x00001a81   Thumb Code    14  ssp_lpc17xx.o(i.SSP1_GPDMA_Tx_SignalEvent)
    SSP1_IRQHandler                          0x00001ab5   Thumb Code    10  ssp_lpc17xx.o(i.SSP1_IRQHandler)
    SSPx_GPDMA_Rx_SignalEvent                0x00002083   Thumb Code    54  ssp_lpc17xx.o(i.SSPx_GPDMA_Rx_SignalEvent)
    SSPx_GPDMA_Tx_SignalEvent                0x000020b9   Thumb Code    28  ssp_lpc17xx.o(i.SSPx_GPDMA_Tx_SignalEvent)
    SystemInit                               0x000029a1   Thumb Code   302  system_lpc17xx.o(i.SystemInit)
    __ARM_fpclassify                         0x00002ae1   Thumb Code    40  fpclassify.o(i.__ARM_fpclassify)
    __kernel_poly                            0x00002b77   Thumb Code   170  poly.o(i.__kernel_poly)
    __mathlib_dbl_divzero                    0x00002c21   Thumb Code    12  dunder.o(i.__mathlib_dbl_divzero)
    __mathlib_dbl_infnan2                    0x00002c31   Thumb Code     4  dunder.o(i.__mathlib_dbl_infnan2)
    __mathlib_dbl_invalid                    0x00002c35   Thumb Code    12  dunder.o(i.__mathlib_dbl_invalid)
    __mathlib_dbl_overflow                   0x00002c41   Thumb Code    14  dunder.o(i.__mathlib_dbl_overflow)
    __mathlib_dbl_underflow                  0x00002c51   Thumb Code    10  dunder.o(i.__mathlib_dbl_underflow)
    __user_perthread_libspace                0x00002c61   Thumb Code    32  rtx_conf_cm.o(i.__user_perthread_libspace)
    _init_box                                0x00002c8d   Thumb Code    70  rt_membox.o(i._init_box)
    _is_digit                                0x00002cd3   Thumb Code    14  __printf_wp.o(i._is_digit)
    _mutex_acquire                           0x00002ce1   Thumb Code    22  rtx_conf_cm.o(i._mutex_acquire)
    _mutex_release                           0x00002d01   Thumb Code    18  rtx_conf_cm.o(i._mutex_release)
    copy_to_lcd                              0x00002d1d   Thumb Code   186  lcd.o(i.copy_to_lcd)
    dbg_init                                 0x00002de5   Thumb Code    34  hal_cm.o(i.dbg_init)
    dbg_task_notify                          0x00002e15   Thumb Code    32  hal_cm.o(i.dbg_task_notify)
    dbg_task_switch                          0x00002e35   Thumb Code    16  hal_cm.o(i.dbg_task_switch)
    do_write                                 0x00002e45   Thumb Code    48  lcd.o(i.do_write)
    escribe_frase_L1                         0x00002e79   Thumb Code    88  lcd.o(i.escribe_frase_L1)
    escribe_frase_L2                         0x00002ed1   Thumb Code    88  lcd.o(i.escribe_frase_L2)
    escribe_letra_L1                         0x00002f29   Thumb Code    92  lcd.o(i.escribe_letra_L1)
    escribe_letra_L2                         0x00002f91   Thumb Code    96  lcd.o(i.escribe_letra_L2)
    init_lcd                                 0x00002ffd   Thumb Code   134  lcd.o(i.init_lcd)
    init_peripherals                         0x0000308d   Thumb Code   148  main.o(i.init_peripherals)
    init_threads                             0x00003129   Thumb Code    48  thread_rtc.o(i.init_threads)
    isrMessageGet                            0x00003169   Thumb Code    42  rt_cmsis.o(i.isrMessageGet)
    isrMessagePut                            0x00003193   Thumb Code    44  rt_cmsis.o(i.isrMessagePut)
    isrSignalSet                             0x000031bf   Thumb Code    36  rt_cmsis.o(i.isrSignalSet)
    isr_evt_set                              0x000031e5   Thumb Code    34  rt_event.o(i.isr_evt_set)
    isr_mbx_receive                          0x0000320d   Thumb Code    86  rt_mailbox.o(i.isr_mbx_receive)
    isr_mbx_send                             0x00003263   Thumb Code    14  rt_mailbox.o(i.isr_mbx_send)
    lcd_initialize                           0x00003271   Thumb Code    52  main.o(i.lcd_initialize)
    main                                     0x000032c1   Thumb Code    22  main.o(i.main)
    osDelay                                  0x000032d9   Thumb Code    18  rt_cmsis.o(i.osDelay)
    osKernelInitialize                       0x000032f1   Thumb Code    30  rt_cmsis.o(i.osKernelInitialize)
    osKernelStart                            0x00003315   Thumb Code    98  rt_cmsis.o(i.osKernelStart)
    osMessageGet                             0x00003381   Thumb Code    18  rt_cmsis.o(i.osMessageGet)
    osSignalSet                              0x00003399   Thumb Code    18  rt_cmsis.o(i.osSignalSet)
    osSignalWait                             0x000033b1   Thumb Code    18  rt_cmsis.o(i.osSignalWait)
    osThreadCreate                           0x000033c9   Thumb Code    36  rt_cmsis.o(i.osThreadCreate)
    osThreadExit                             0x000033f5   Thumb Code    14  rt_cmsis.o(i.osThreadExit)
    osTimerCall                              0x0000340d   Thumb Code     8  rt_cmsis.o(i.osTimerCall)
    osTimerThread                            0x00003419   Thumb Code    38  rt_cmsis.o(i.osTimerThread)
    os_error                                 0x00003445   Thumb Code    34  rtx_conf_cm.o(i.os_error)
    os_idle_demon                            0x00003467   Thumb Code     4  rtx_conf_cm.o(i.os_idle_demon)
    os_tick_init                             0x0000346d   Thumb Code    32  rt_system.o(i.os_tick_init)
    os_tick_irqack                           0x00003495   Thumb Code     2  rt_system.o(i.os_tick_irqack)
    pow                                      0x00003499   Thumb Code  2512  pow.o(i.pow)
    read_bits                                0x00003e71   Thumb Code    72  thread_rtc.o(i.read_bits)
    reset_lcd                                0x00003ebd   Thumb Code    76  lcd.o(i.reset_lcd)
    reset_rtc_date                           0x00003f09   Thumb Code    46  thread_rtc.o(i.reset_rtc_date)
    retardo                                  0x00003f3d   Thumb Code    16  lcd.o(i.retardo)
    rt_alloc_box                             0x00003f4d   Thumb Code    26  rt_membox.o(i.rt_alloc_box)
    rt_alloc_mem                             0x00003f67   Thumb Code    62  rt_memory.o(i.rt_alloc_mem)
    rt_block                                 0x00003fa5   Thumb Code    48  rt_task.o(i.rt_block)
    rt_chk_robin                             0x00003fdd   Thumb Code    60  rt_robin.o(i.rt_chk_robin)
    rt_dec_dly                               0x00004025   Thumb Code   102  rt_list.o(i.rt_dec_dly)
    rt_dispatch                              0x00004095   Thumb Code    60  rt_task.o(i.rt_dispatch)
    rt_dly_wait                              0x000040d9   Thumb Code     6  rt_time.o(i.rt_dly_wait)
    rt_evt_psh                               0x000040e1   Thumb Code    76  rt_event.o(i.rt_evt_psh)
    rt_evt_set                               0x00004131   Thumb Code    88  rt_event.o(i.rt_evt_set)
    rt_evt_wait                              0x0000418d   Thumb Code    56  rt_event.o(i.rt_evt_wait)
    rt_free_box                              0x000041c9   Thumb Code    44  rt_membox.o(i.rt_free_box)
    rt_free_mem                              0x000041f5   Thumb Code    40  rt_memory.o(i.rt_free_mem)
    rt_get_first                             0x0000421d   Thumb Code    40  rt_list.o(i.rt_get_first)
    rt_init_mem                              0x00004295   Thumb Code    26  rt_memory.o(i.rt_init_mem)
    rt_init_robin                            0x000042b1   Thumb Code    14  rt_robin.o(i.rt_init_robin)
    rt_init_stack                            0x000042c9   Thumb Code   118  hal_cm.o(i.rt_init_stack)
    rt_mbx_check                             0x00004349   Thumb Code     8  rt_mailbox.o(i.rt_mbx_check)
    rt_mbx_init                              0x00004351   Thumb Code    26  rt_mailbox.o(i.rt_mbx_init)
    rt_mbx_psh                               0x0000436d   Thumb Code   236  rt_mailbox.o(i.rt_mbx_psh)
    rt_mbx_wait                              0x0000445d   Thumb Code   174  rt_mailbox.o(i.rt_mbx_wait)
    rt_mut_release                           0x00004555   Thumb Code   208  rt_mutex.o(i.rt_mut_release)
    rt_mut_wait                              0x0000462d   Thumb Code   114  rt_mutex.o(i.rt_mut_wait)
    rt_pop_req                               0x000046a5   Thumb Code   112  rt_system.o(i.rt_pop_req)
    rt_psh_req                               0x00004721   Thumb Code    22  rt_system.o(i.rt_psh_req)
    rt_psq_enq                               0x00004741   Thumb Code    88  rt_list.o(i.rt_psq_enq)
    rt_put_dly                               0x0000479d   Thumb Code    68  rt_list.o(i.rt_put_dly)
    rt_put_prio                              0x000047e5   Thumb Code    54  rt_list.o(i.rt_put_prio)
    rt_put_rdy_first                         0x0000481d   Thumb Code    14  rt_list.o(i.rt_put_rdy_first)
    rt_resort_prio                           0x00004831   Thumb Code    46  rt_list.o(i.rt_resort_prio)
    rt_ret_val                               0x00004865   Thumb Code     6  hal_cm.o(i.rt_ret_val)
    rt_ret_val2                              0x0000486b   Thumb Code     8  hal_cm.o(i.rt_ret_val2)
    rt_rmv_dly                               0x00004873   Thumb Code    40  rt_list.o(i.rt_rmv_dly)
    rt_rmv_list                              0x0000489d   Thumb Code    44  rt_list.o(i.rt_rmv_list)
    rt_sem_psh                               0x000048cd   Thumb Code    48  rt_semaphore.o(i.rt_sem_psh)
    rt_stk_check                             0x00004901   Thumb Code    28  rt_system.o(i.rt_stk_check)
    rt_switch_req                            0x00004925   Thumb Code    30  rt_task.o(i.rt_switch_req)
    rt_sys_init                              0x0000494d   Thumb Code   138  rt_task.o(i.rt_sys_init)
    rt_sys_start                             0x00004a19   Thumb Code   110  rt_task.o(i.rt_sys_start)
    rt_systick                               0x00004a91   Thumb Code    50  rt_system.o(i.rt_systick)
    rt_tsk_create                            0x00004b19   Thumb Code   118  rt_task.o(i.rt_tsk_create)
    rt_tsk_delete                            0x00004ba1   Thumb Code   352  rt_task.o(i.rt_tsk_delete)
    rt_tsk_prio                              0x00004d1d   Thumb Code   108  rt_task.o(i.rt_tsk_prio)
    rt_tsk_self                              0x00004d99   Thumb Code    12  rt_task.o(i.rt_tsk_self)
    sqrt                                     0x00004da9   Thumb Code    76  sqrt.o(i.sqrt)
    svcDelay                                 0x00004df5   Thumb Code    18  rt_cmsis.o(i.svcDelay)
    svcKernelInitialize                      0x00004e09   Thumb Code    80  rt_cmsis.o(i.svcKernelInitialize)
    svcKernelStart                           0x00004e79   Thumb Code    62  rt_cmsis.o(i.svcKernelStart)
    svcMessageCreate                         0x00004ec1   Thumb Code    36  rt_cmsis.o(i.svcMessageCreate)
    svcMessageGet                            0x00004ee5   Thumb Code    58  rt_cmsis.o(i.svcMessageGet)
    svcSignalSet                             0x00004f1f   Thumb Code    36  rt_cmsis.o(i.svcSignalSet)
    svcSignalWait                            0x00004f45   Thumb Code    80  rt_cmsis.o(i.svcSignalWait)
    svcThreadCreate                          0x00004f99   Thumb Code    96  rt_cmsis.o(i.svcThreadCreate)
    svcThreadGetId                           0x00005005   Thumb Code    22  rt_cmsis.o(i.svcThreadGetId)
    svcThreadTerminate                       0x00005021   Thumb Code    50  rt_cmsis.o(i.svcThreadTerminate)
    svcTimerCall                             0x00005059   Thumb Code    24  rt_cmsis.o(i.svcTimerCall)
    sysTimerTick                             0x00005071   Thumb Code    84  rt_cmsis.o(i.sysTimerTick)
    thread_led3                              0x000050cd   Thumb Code    92  thread_rtc.o(i.thread_led3)
    thread_rtc                               0x00005131   Thumb Code   150  thread_rtc.o(i.thread_rtc)
    wr_cmd                                   0x000051f1   Thumb Code    16  lcd.o(i.wr_cmd)
    wr_data                                  0x00005201   Thumb Code    16  lcd.o(i.wr_data)
    __aeabi_dadd                             0x00005211   Thumb Code     0  daddsub_clz.o(x$fpl$dadd)
    _dadd                                    0x00005211   Thumb Code   332  daddsub_clz.o(x$fpl$dadd)
    __fpl_dcheck_NaN1                        0x00005361   Thumb Code    10  dcheck1.o(x$fpl$dcheck1)
    __fpl_dcmp_Inf                           0x00005371   Thumb Code    24  dcmpi.o(x$fpl$dcmpinf)
    __aeabi_ddiv                             0x00005389   Thumb Code     0  ddiv.o(x$fpl$ddiv)
    _ddiv                                    0x00005389   Thumb Code   552  ddiv.o(x$fpl$ddiv)
    __aeabi_d2iz                             0x00005639   Thumb Code     0  dfix.o(x$fpl$dfix)
    _dfix                                    0x00005639   Thumb Code    94  dfix.o(x$fpl$dfix)
    __aeabi_i2d                              0x00005697   Thumb Code     0  dflt_clz.o(x$fpl$dflt)
    _dflt                                    0x00005697   Thumb Code    46  dflt_clz.o(x$fpl$dflt)
    __aeabi_cdcmple                          0x000056c5   Thumb Code     0  dleqf.o(x$fpl$dleqf)
    _dcmple                                  0x000056c5   Thumb Code   120  dleqf.o(x$fpl$dleqf)
    __fpl_dcmple_InfNaN                      0x00005727   Thumb Code     0  dleqf.o(x$fpl$dleqf)
    __aeabi_dmul                             0x0000573d   Thumb Code     0  dmul.o(x$fpl$dmul)
    _dmul                                    0x0000573d   Thumb Code   332  dmul.o(x$fpl$dmul)
    __fpl_dnaninf                            0x00005891   Thumb Code   156  dnaninf.o(x$fpl$dnaninf)
    __fpl_dretinf                            0x0000592d   Thumb Code    12  dretinf.o(x$fpl$dretinf)
    __aeabi_cdrcmple                         0x00005939   Thumb Code     0  drleqf.o(x$fpl$drleqf)
    _drcmple                                 0x00005939   Thumb Code   108  drleqf.o(x$fpl$drleqf)
    __aeabi_drsub                            0x000059a5   Thumb Code     0  daddsub_clz.o(x$fpl$drsb)
    _drsb                                    0x000059a5   Thumb Code    22  daddsub_clz.o(x$fpl$drsb)
    _dsqrt                                   0x000059bd   Thumb Code   456  dsqrt_noumaal.o(x$fpl$dsqrt)
    __aeabi_dsub                             0x00005b89   Thumb Code     0  daddsub_clz.o(x$fpl$dsub)
    _dsub                                    0x00005b89   Thumb Code   464  daddsub_clz.o(x$fpl$dsub)
    __fpl_return_NaN                         0x00005d5d   Thumb Code   100  retnan.o(x$fpl$retnan)
    __ARM_scalbn                             0x00005dc1   Thumb Code    92  scalbn.o(x$fpl$scalbn)
    __fpl_cmpreturn                          0x00005e1d   Thumb Code    48  trapv.o(x$fpl$trapveneer)
    Arial12x12                               0x00005e4c   Data        2400  lcd.o(.constdata)
    __I$use$fp                               0x00005e4c   Number         0  usenofp.o(x$fpl$usenofp)
    os_thread_def_thread_rtc                 0x000067ac   Data          16  thread_rtc.o(.constdata)
    os_thread_def_thread_led3                0x000067bc   Data          16  thread_rtc.o(.constdata)
    os_maxtaskrun                            0x000067cc   Data           2  rtx_conf_cm.o(.constdata)
    os_stackinfo                             0x000067d0   Data           4  rtx_conf_cm.o(.constdata)
    os_rrobin                                0x000067d4   Data           4  rtx_conf_cm.o(.constdata)
    os_tickfreq                              0x000067d8   Data           4  rtx_conf_cm.o(.constdata)
    os_tickus_i                              0x000067dc   Data           2  rtx_conf_cm.o(.constdata)
    os_tickus_f                              0x000067de   Data           2  rtx_conf_cm.o(.constdata)
    os_trv                                   0x000067e0   Data           4  rtx_conf_cm.o(.constdata)
    os_flags                                 0x000067e4   Data           1  rtx_conf_cm.o(.constdata)
    CMSIS_RTOS_API_Version                   0x000067e8   Data           4  rtx_conf_cm.o(.constdata)
    CMSIS_RTOS_RTX_Version                   0x000067ec   Data           4  rtx_conf_cm.o(.constdata)
    os_clockrate                             0x000067f0   Data           4  rtx_conf_cm.o(.constdata)
    os_timernum                              0x000067f4   Data           4  rtx_conf_cm.o(.constdata)
    mp_tcb_size                              0x000067f8   Data           2  rtx_conf_cm.o(.constdata)
    mp_stk_size                              0x000067fc   Data           4  rtx_conf_cm.o(.constdata)
    os_stack_sz                              0x00006800   Data           4  rtx_conf_cm.o(.constdata)
    os_fifo_size                             0x00006804   Data           1  rtx_conf_cm.o(.constdata)
    os_thread_def_osTimerThread              0x00006808   Data          16  rtx_conf_cm.o(.constdata)
    os_messageQ_def_osTimerMessageQ          0x00006818   Data           8  rtx_conf_cm.o(.constdata)
    mp_tmr_size                              0x00006820   Data           2  rtx_conf_cm.o(.constdata)
    os_thread_def_main                       0x00006824   Data          16  rtx_conf_cm.o(.constdata)
    Driver_SPI2                              0x00006874   Data          44  spi_lpc17xx.o(.constdata)
    Driver_SPI1                              0x000068f0   Data          44  ssp_lpc17xx.o(.constdata)
    __mathlib_zero                           0x000069a8   Data           8  qnan.o(.constdata)
    Region$$Table$$Base                      0x000069b0   Number         0  anon$$obj.o(Region$$Table)
    Region$$Table$$Limit                     0x000069e0   Number         0  anon$$obj.o(Region$$Table)
    mp_tcb                                   0x10000000   Data         376  rtx_conf_cm.o(.bss)
    mp_stk                                   0x10000178   Data        6160  rtx_conf_cm.o(.bss)
    os_stack_mem                             0x10001988   Data         432  rtx_conf_cm.o(.bss)
    os_fifo                                  0x10001b38   Data         132  rtx_conf_cm.o(.bss)
    os_active_TCB                            0x10001bbc   Data          28  rtx_conf_cm.o(.bss)
    os_messageQ_q_osTimerMessageQ            0x10001bd8   Data          32  rtx_conf_cm.o(.bss)
    SPIdrv                                   0x2007c000   Data           4  lcd.o(.data)
    activeL1                                 0x2007c004   Data           1  lcd.o(.data)
    activeL2                                 0x2007c005   Data           1  lcd.o(.data)
    id_thread_rtc                            0x2007c008   Data           4  main.o(.data)
    id_thread_led3                           0x2007c00c   Data           4  main.o(.data)
    osThreadId_osTimerThread                 0x2007c010   Data           4  rtx_conf_cm.o(.data)
    osMessageQId_osTimerMessageQ             0x2007c014   Data           4  rtx_conf_cm.o(.data)
    os_tmr                                   0x2007c018   Data           4  rtx_conf_cm.o(.data)
    m_tmr                                    0x2007c01c   Data           4  rtx_conf_cm.o(.data)
    SystemCoreClock                          0x2007c048   Data           4  system_lpc17xx.o(.data)
    os_initialized                           0x2007c04c   Data           1  rt_cmsis.o(.data)
    os_running                               0x2007c04d   Data           1  rt_cmsis.o(.data)
    os_timer_head                            0x2007c050   Data           4  rt_cmsis.o(.data)
    os_tsk                                   0x2007c054   Data           8  rt_task.o(.data)
    os_tick_irqn                             0x2007c060   Data           4  rt_system.o(.data)
    os_time                                  0x2007c064   Data           4  rt_time.o(.data)
    os_robin                                 0x2007c068   Data           8  rt_robin.o(.data)
    dbg_msg                                  0x2007c070   Data           1  hal_cm.o(.data)
    buffer                                   0x2007c074   Data         512  lcd.o(.bss)
    lcd_text                                 0x2007c274   Data          40  main.o(.bss)
    os_idle_TCB                              0x2007c32c   Data          52  rt_task.o(.bss)
    os_rdy                                   0x2007c360   Data          24  rt_list.o(.bss)
    os_dly                                   0x2007c378   Data          24  rt_list.o(.bss)
    __libspace_start                         0x2007c390   Data          96  libspace.o(.bss)
    __temporary_stack_top$libspace           0x2007c3f0   Data           0  libspace.o(.bss)



==============================================================================

Memory Map of the image

  Image Entry point : 0x000000cd

  Load Region LR_IROM1 (Base: 0x00000000, Size: 0x00006a54, Max: 0x00080000, ABSOLUTE)

    Execution Region ER_IROM1 (Exec base: 0x00000000, Load base: 0x00000000, Size: 0x000069e0, Max: 0x00080000, ABSOLUTE)

    Exec Addr    Load Addr    Size         Type   Attr      Idx    E Section Name        Object

    0x00000000   0x00000000   0x000000cc   Data   RO          811    RESET               startup_lpc17xx.o
    0x000000cc   0x000000cc   0x00000008   Code   RO         2110  * !!!main             c_w.l(__main.o)
    0x000000d4   0x000000d4   0x00000034   Code   RO         2371    !!!scatter          c_w.l(__scatter.o)
    0x00000108   0x00000108   0x0000001a   Code   RO         2373    !!handler_copy      c_w.l(__scatter_copy.o)
    0x00000122   0x00000122   0x00000002   PAD
    0x00000124   0x00000124   0x0000001c   Code   RO         2375    !!handler_zi        c_w.l(__scatter_zi.o)
    0x00000140   0x00000140   0x00000000   Code   RO         2103    .ARM.Collect$$_printf_percent$$00000000  c_w.l(_printf_percent.o)
    0x00000140   0x00000140   0x00000006   Code   RO         2102    .ARM.Collect$$_printf_percent$$00000009  c_w.l(_printf_d.o)
    0x00000146   0x00000146   0x00000004   Code   RO         2155    .ARM.Collect$$_printf_percent$$00000017  c_w.l(_printf_percent_end.o)
    0x0000014a   0x0000014a   0x00000002   Code   RO         2251    .ARM.Collect$$libinit$$00000000  c_w.l(libinit.o)
    0x0000014c   0x0000014c   0x00000000   Code   RO         2267    .ARM.Collect$$libinit$$00000002  c_w.l(libinit2.o)
    0x0000014c   0x0000014c   0x00000000   Code   RO         2269    .ARM.Collect$$libinit$$00000004  c_w.l(libinit2.o)
    0x0000014c   0x0000014c   0x00000000   Code   RO         2272    .ARM.Collect$$libinit$$0000000A  c_w.l(libinit2.o)
    0x0000014c   0x0000014c   0x00000000   Code   RO         2274    .ARM.Collect$$libinit$$0000000C  c_w.l(libinit2.o)
    0x0000014c   0x0000014c   0x00000000   Code   RO         2276    .ARM.Collect$$libinit$$0000000E  c_w.l(libinit2.o)
    0x0000014c   0x0000014c   0x00000000   Code   RO         2279    .ARM.Collect$$libinit$$00000011  c_w.l(libinit2.o)
    0x0000014c   0x0000014c   0x00000000   Code   RO         2281    .ARM.Collect$$libinit$$00000013  c_w.l(libinit2.o)
    0x0000014c   0x0000014c   0x00000000   Code   RO         2283    .ARM.Collect$$libinit$$00000015  c_w.l(libinit2.o)
    0x0000014c   0x0000014c   0x00000000   Code   RO         2285    .ARM.Collect$$libinit$$00000017  c_w.l(libinit2.o)
    0x0000014c   0x0000014c   0x00000000   Code   RO         2287    .ARM.Collect$$libinit$$00000019  c_w.l(libinit2.o)
    0x0000014c   0x0000014c   0x00000000   Code   RO         2289    .ARM.Collect$$libinit$$0000001B  c_w.l(libinit2.o)
    0x0000014c   0x0000014c   0x00000000   Code   RO         2291    .ARM.Collect$$libinit$$0000001D  c_w.l(libinit2.o)
    0x0000014c   0x0000014c   0x00000000   Code   RO         2293    .ARM.Collect$$libinit$$0000001F  c_w.l(libinit2.o)
    0x0000014c   0x0000014c   0x00000000   Code   RO         2295    .ARM.Collect$$libinit$$00000021  c_w.l(libinit2.o)
    0x0000014c   0x0000014c   0x00000000   Code   RO         2297    .ARM.Collect$$libinit$$00000023  c_w.l(libinit2.o)
    0x0000014c   0x0000014c   0x00000000   Code   RO         2299    .ARM.Collect$$libinit$$00000025  c_w.l(libinit2.o)
    0x0000014c   0x0000014c   0x00000000   Code   RO         2303    .ARM.Collect$$libinit$$0000002C  c_w.l(libinit2.o)
    0x0000014c   0x0000014c   0x00000000   Code   RO         2305    .ARM.Collect$$libinit$$0000002E  c_w.l(libinit2.o)
    0x0000014c   0x0000014c   0x00000000   Code   RO         2307    .ARM.Collect$$libinit$$00000030  c_w.l(libinit2.o)
    0x0000014c   0x0000014c   0x00000000   Code   RO         2309    .ARM.Collect$$libinit$$00000032  c_w.l(libinit2.o)
    0x0000014c   0x0000014c   0x00000002   Code   RO         2310    .ARM.Collect$$libinit$$00000033  c_w.l(libinit2.o)
    0x0000014e   0x0000014e   0x00000002   Code   RO         2252    .ARM.Collect$$libshutdown$$00000000  c_w.l(libshutdown.o)
    0x00000150   0x00000150   0x00000000   Code   RO         2312    .ARM.Collect$$libshutdown$$00000002  c_w.l(libshutdown2.o)
    0x00000150   0x00000150   0x00000000   Code   RO         2314    .ARM.Collect$$libshutdown$$00000004  c_w.l(libshutdown2.o)
    0x00000150   0x00000150   0x00000000   Code   RO         2317    .ARM.Collect$$libshutdown$$00000007  c_w.l(libshutdown2.o)
    0x00000150   0x00000150   0x00000000   Code   RO         2320    .ARM.Collect$$libshutdown$$0000000A  c_w.l(libshutdown2.o)
    0x00000150   0x00000150   0x00000000   Code   RO         2322    .ARM.Collect$$libshutdown$$0000000C  c_w.l(libshutdown2.o)
    0x00000150   0x00000150   0x00000000   Code   RO         2325    .ARM.Collect$$libshutdown$$0000000F  c_w.l(libshutdown2.o)
    0x00000150   0x00000150   0x00000002   Code   RO         2326    .ARM.Collect$$libshutdown$$00000010  c_w.l(libshutdown2.o)
    0x00000152   0x00000152   0x00000000   Code   RO         2138    .ARM.Collect$$rtentry$$00000000  c_w.l(__rtentry.o)
    0x00000152   0x00000152   0x00000000   Code   RO         2199    .ARM.Collect$$rtentry$$00000002  c_w.l(__rtentry2.o)
    0x00000152   0x00000152   0x00000006   Code   RO         2211    .ARM.Collect$$rtentry$$00000004  c_w.l(__rtentry4.o)
    0x00000158   0x00000158   0x00000000   Code   RO         2201    .ARM.Collect$$rtentry$$00000009  c_w.l(__rtentry2.o)
    0x00000158   0x00000158   0x00000004   Code   RO         2202    .ARM.Collect$$rtentry$$0000000A  c_w.l(__rtentry2.o)
    0x0000015c   0x0000015c   0x00000008   Code   RO         2203    .ARM.Collect$$rtentry$$0000000B  c_w.l(__rtentry2.o)
    0x00000164   0x00000164   0x00000008   Code   RO         2205    .ARM.Collect$$rtentry$$0000000D  c_w.l(__rtentry2.o)
    0x0000016c   0x0000016c   0x00000002   Code   RO         2139    .ARM.Collect$$rtexit$$00000000  c_w.l(rtexit.o)
    0x0000016e   0x0000016e   0x00000000   Code   RO         2214    .ARM.Collect$$rtexit$$00000002  c_w.l(rtexit2.o)
    0x0000016e   0x0000016e   0x00000004   Code   RO         2215    .ARM.Collect$$rtexit$$00000003  c_w.l(rtexit2.o)
    0x00000172   0x00000172   0x00000006   Code   RO         2216    .ARM.Collect$$rtexit$$00000004  c_w.l(rtexit2.o)
    0x00000178   0x00000178   0x0000001c   Code   RO          287    .emb_text           rtx_conf_cm.o
    0x00000194   0x00000194   0x00000130   Code   RO         2050    .emb_text           RTX_CM3.lib(hal_cm3.o)
    0x000002c4   0x000002c4   0x00000008   Code   RO         2065    .text               c_w.l(libspace.o)
    0x000002cc   0x000002cc   0x00000028   Code   RO         2074    .text               c_w.l(noretval__2sprintf.o)
    0x000002f4   0x000002f4   0x00000006   Code   RO         2108    .text               c_w.l(heapauxi.o)
    0x000002fa   0x000002fa   0x00000002   Code   RO         2257    .text               c_w.l(use_no_semi.o)
    0x000002fc   0x000002fc   0x00000004   Code   RO          812    .ARM.__at_0x02FC    startup_lpc17xx.o
    0x00000300   0x00000300   0x0000003c   Code   RO          813    .text               startup_lpc17xx.o
    0x0000033c   0x0000033c   0x00000034   Code   RO         2076    .text               c_w.l(noretval__2snprintf.o)
    0x00000370   0x00000370   0x00000078   Code   RO         2080    .text               c_w.l(_printf_dec.o)
    0x000003e8   0x000003e8   0x0000010e   Code   RO         2090    .text               c_w.l(__printf_wp.o)
    0x000004f6   0x000004f6   0x00000012   Code   RO         2104    .text               c_w.l(exit.o)
    0x00000508   0x00000508   0x0000004e   Code   RO         2106    .text               c_w.l(rt_memclr_w.o)
    0x00000556   0x00000556   0x00000016   Code   RO         2145    .text               c_w.l(_rserrno.o)
    0x0000056c   0x0000056c   0x000000b2   Code   RO         2147    .text               c_w.l(_printf_intcommon.o)
    0x0000061e   0x0000061e   0x00000002   PAD
    0x00000620   0x00000620   0x00000030   Code   RO         2149    .text               c_w.l(_printf_char_common.o)
    0x00000650   0x00000650   0x0000000a   Code   RO         2151    .text               c_w.l(_sputc.o)
    0x0000065a   0x0000065a   0x00000010   Code   RO         2153    .text               c_w.l(_snputc.o)
    0x0000066a   0x0000066a   0x00000004   Code   RO         2227    .text               c_w.l(rt_errno_addr_twolibspace.o)
    0x0000066e   0x0000066e   0x00000002   PAD
    0x00000670   0x00000670   0x0000000c   Code   RO         2237    .text               c_w.l(sys_exit.o)
    0x0000067c   0x0000067c   0x0000004a   Code   RO         2239    .text               c_w.l(sys_stackheap_outer.o)
    0x000006c6   0x000006c6   0x00000000   Code   RO         2259    .text               c_w.l(indicate_semi.o)
    0x000006c6   0x000006c6   0x00000002   PAD
    0x000006c8   0x000006c8   0x00000004   Code   RO         2060    SVC_TABLE           RTX_CM3.lib(svc_table.o)
    0x000006cc   0x000006cc   0x00000020   Code   RO          632    i.Clear_Channel_active_flag  gpdma_lpc17xx.o
    0x000006ec   0x000006ec   0x0000006c   Code   RO          633    i.DMA_IRQHandler    gpdma_lpc17xx.o
    0x00000758   0x00000758   0x00000028   Code   RO          213    i.EINT3_IRQHandler  main.o
    0x00000780   0x00000780   0x00000098   Code   RO          634    i.GPDMA_ChannelConfigure  gpdma_lpc17xx.o
    0x00000818   0x00000818   0x00000030   Code   RO          635    i.GPDMA_ChannelDisable  gpdma_lpc17xx.o
    0x00000848   0x00000848   0x00000028   Code   RO          637    i.GPDMA_ChannelGetCount  gpdma_lpc17xx.o
    0x00000870   0x00000870   0x00000084   Code   RO          639    i.GPDMA_Initialize  gpdma_lpc17xx.o
    0x000008f4   0x000008f4   0x00000044   Code   RO          640    i.GPDMA_PeripheralSelect  gpdma_lpc17xx.o
    0x00000938   0x00000938   0x00000080   Code   RO          641    i.GPDMA_Uninitialize  gpdma_lpc17xx.o
    0x000009b8   0x000009b8   0x00000028   Code   RO          723    i.GPIO_PinWrite     gpio_lpc17xx.o
    0x000009e0   0x000009e0   0x00000038   Code   RO          727    i.GPIO_SetDir       gpio_lpc17xx.o
    0x00000a18   0x00000a18   0x00000050   Code   RO          348    i.GetSPIClockFreq   spi_lpc17xx.o
    0x00000a68   0x00000a68   0x00000044   Code   RO          458    i.GetSSPClockFreq   ssp_lpc17xx.o
    0x00000aac   0x00000aac   0x000000fc   Code   RO          776    i.PIN_Configure     pin_lpc17xx.o
    0x00000ba8   0x00000ba8   0x00000024   Code   RO          214    i.RTC_IRQHandler    main.o
    0x00000bcc   0x00000bcc   0x000005e8   Code   RO          349    i.SPI_Control       spi_lpc17xx.o
    0x000011b4   0x000011b4   0x0000000c   Code   RO          350    i.SPI_GetCapabilities  spi_lpc17xx.o
    0x000011c0   0x000011c0   0x00000020   Code   RO          351    i.SPI_GetDataCount  spi_lpc17xx.o
    0x000011e0   0x000011e0   0x00000068   Code   RO          352    i.SPI_GetStatus     spi_lpc17xx.o
    0x00001248   0x00001248   0x00000010   Code   RO          353    i.SPI_GetVersion    spi_lpc17xx.o
    0x00001258   0x00001258   0x00000208   Code   RO          354    i.SPI_IRQHandler    spi_lpc17xx.o
    0x00001460   0x00001460   0x000000b8   Code   RO          355    i.SPI_Initialize    spi_lpc17xx.o
    0x00001518   0x00001518   0x000001c8   Code   RO          356    i.SPI_PowerControl  spi_lpc17xx.o
    0x000016e0   0x000016e0   0x000000b8   Code   RO          357    i.SPI_Receive       spi_lpc17xx.o
    0x00001798   0x00001798   0x00000118   Code   RO          358    i.SPI_Send          spi_lpc17xx.o
    0x000018b0   0x000018b0   0x00000118   Code   RO          359    i.SPI_Transfer      spi_lpc17xx.o
    0x000019c8   0x000019c8   0x0000008c   Code   RO          360    i.SPI_Uninitialize  spi_lpc17xx.o
    0x00001a54   0x00001a54   0x00000018   Code   RO          459    i.SSP1_Control      ssp_lpc17xx.o
    0x00001a6c   0x00001a6c   0x00000014   Code   RO          460    i.SSP1_GPDMA_Rx_SignalEvent  ssp_lpc17xx.o
    0x00001a80   0x00001a80   0x00000014   Code   RO          461    i.SSP1_GPDMA_Tx_SignalEvent  ssp_lpc17xx.o
    0x00001a94   0x00001a94   0x00000010   Code   RO          462    i.SSP1_GetDataCount  ssp_lpc17xx.o
    0x00001aa4   0x00001aa4   0x00000010   Code   RO          463    i.SSP1_GetStatus    ssp_lpc17xx.o
    0x00001ab4   0x00001ab4   0x00000010   Code   RO          464    i.SSP1_IRQHandler   ssp_lpc17xx.o
    0x00001ac4   0x00001ac4   0x00000014   Code   RO          465    i.SSP1_Initialize   ssp_lpc17xx.o
    0x00001ad8   0x00001ad8   0x00000014   Code   RO          466    i.SSP1_PowerControl  ssp_lpc17xx.o
    0x00001aec   0x00001aec   0x00000018   Code   RO          467    i.SSP1_Receive      ssp_lpc17xx.o
    0x00001b04   0x00001b04   0x00000018   Code   RO          468    i.SSP1_Send         ssp_lpc17xx.o
    0x00001b1c   0x00001b1c   0x0000001c   Code   RO          469    i.SSP1_Transfer     ssp_lpc17xx.o
    0x00001b38   0x00001b38   0x00000010   Code   RO          470    i.SSP1_Uninitialize  ssp_lpc17xx.o
    0x00001b48   0x00001b48   0x0000000c   Code   RO          471    i.SSP_GetCapabilities  ssp_lpc17xx.o
    0x00001b54   0x00001b54   0x00000010   Code   RO          472    i.SSP_GetVersion    ssp_lpc17xx.o
    0x00001b64   0x00001b64   0x0000051e   Code   RO          473    i.SSPx_Control      ssp_lpc17xx.o
    0x00002082   0x00002082   0x00000036   Code   RO          474    i.SSPx_GPDMA_Rx_SignalEvent  ssp_lpc17xx.o
    0x000020b8   0x000020b8   0x0000001c   Code   RO          475    i.SSPx_GPDMA_Tx_SignalEvent  ssp_lpc17xx.o
    0x000020d4   0x000020d4   0x0000002c   Code   RO          476    i.SSPx_GetDataCount  ssp_lpc17xx.o
    0x00002100   0x00002100   0x0000005a   Code   RO          477    i.SSPx_GetStatus    ssp_lpc17xx.o
    0x0000215a   0x0000215a   0x00000104   Code   RO          478    i.SSPx_IRQHandler   ssp_lpc17xx.o
    0x0000225e   0x0000225e   0x000000a0   Code   RO          479    i.SSPx_Initialize   ssp_lpc17xx.o
    0x000022fe   0x000022fe   0x00000002   PAD
    0x00002300   0x00002300   0x000001b4   Code   RO          480    i.SSPx_PowerControl  ssp_lpc17xx.o
    0x000024b4   0x000024b4   0x00000164   Code   RO          481    i.SSPx_Receive      ssp_lpc17xx.o
    0x00002618   0x00002618   0x0000015c   Code   RO          482    i.SSPx_Send         ssp_lpc17xx.o
    0x00002774   0x00002774   0x0000018a   Code   RO          483    i.SSPx_Transfer     ssp_lpc17xx.o
    0x000028fe   0x000028fe   0x00000068   Code   RO          484    i.SSPx_Uninitialize  ssp_lpc17xx.o
    0x00002966   0x00002966   0x00000002   PAD
    0x00002968   0x00002968   0x00000038   Code   RO          642    i.Set_Channel_active_flag  gpdma_lpc17xx.o
    0x000029a0   0x000029a0   0x00000140   Code   RO          823    i.SystemInit        system_lpc17xx.o
    0x00002ae0   0x00002ae0   0x00000028   Code   RO         2185    i.__ARM_fpclassify  m_ws.l(fpclassify.o)
    0x00002b08   0x00002b08   0x0000001c   Code   RO          361    i.__NVIC_ClearPendingIRQ  spi_lpc17xx.o
    0x00002b24   0x00002b24   0x0000001c   Code   RO          485    i.__NVIC_ClearPendingIRQ  ssp_lpc17xx.o
    0x00002b40   0x00002b40   0x0000001c   Code   RO          643    i.__NVIC_ClearPendingIRQ  gpdma_lpc17xx.o
    0x00002b5c   0x00002b5c   0x0000001a   Code   RO          215    i.__NVIC_EnableIRQ  main.o
    0x00002b76   0x00002b76   0x000000aa   Code   RO         2187    i.__kernel_poly     m_ws.l(poly.o)
    0x00002c20   0x00002c20   0x00000010   Code   RO         2171    i.__mathlib_dbl_divzero  m_ws.l(dunder.o)
    0x00002c30   0x00002c30   0x00000004   Code   RO         2173    i.__mathlib_dbl_infnan2  m_ws.l(dunder.o)
    0x00002c34   0x00002c34   0x0000000c   Code   RO         2174    i.__mathlib_dbl_invalid  m_ws.l(dunder.o)
    0x00002c40   0x00002c40   0x0000000e   Code   RO         2175    i.__mathlib_dbl_overflow  m_ws.l(dunder.o)
    0x00002c4e   0x00002c4e   0x00000002   PAD
    0x00002c50   0x00002c50   0x00000010   Code   RO         2177    i.__mathlib_dbl_underflow  m_ws.l(dunder.o)
    0x00002c60   0x00002c60   0x0000002c   Code   RO          288    i.__user_perthread_libspace  rtx_conf_cm.o
    0x00002c8c   0x00002c8c   0x00000046   Code   RO         1949    i._init_box         RTX_CM3.lib(rt_membox.o)
    0x00002cd2   0x00002cd2   0x0000000e   Code   RO         2092    i._is_digit         c_w.l(__printf_wp.o)
    0x00002ce0   0x00002ce0   0x00000020   Code   RO          289    i._mutex_acquire    rtx_conf_cm.o
    0x00002d00   0x00002d00   0x0000001c   Code   RO          291    i._mutex_release    rtx_conf_cm.o
    0x00002d1c   0x00002d1c   0x000000c8   Code   RO            1    i.copy_to_lcd       lcd.o
    0x00002de4   0x00002de4   0x00000030   Code   RO         2002    i.dbg_init          RTX_CM3.lib(hal_cm.o)
    0x00002e14   0x00002e14   0x00000020   Code   RO         2003    i.dbg_task_notify   RTX_CM3.lib(hal_cm.o)
    0x00002e34   0x00002e34   0x00000010   Code   RO         2004    i.dbg_task_switch   RTX_CM3.lib(hal_cm.o)
    0x00002e44   0x00002e44   0x00000034   Code   RO            2    i.do_write          lcd.o
    0x00002e78   0x00002e78   0x00000058   Code   RO            3    i.escribe_frase_L1  lcd.o
    0x00002ed0   0x00002ed0   0x00000058   Code   RO            4    i.escribe_frase_L2  lcd.o
    0x00002f28   0x00002f28   0x00000068   Code   RO            5    i.escribe_letra_L1  lcd.o
    0x00002f90   0x00002f90   0x0000006c   Code   RO            6    i.escribe_letra_L2  lcd.o
    0x00002ffc   0x00002ffc   0x00000090   Code   RO            7    i.init_lcd          lcd.o
    0x0000308c   0x0000308c   0x0000009c   Code   RO          216    i.init_peripherals  main.o
    0x00003128   0x00003128   0x00000040   Code   RO          112    i.init_threads      thread_rtc.o
    0x00003168   0x00003168   0x0000002a   Code   RO          858    i.isrMessageGet     RTX_CM3.lib(rt_cmsis.o)
    0x00003192   0x00003192   0x0000002c   Code   RO          859    i.isrMessagePut     RTX_CM3.lib(rt_cmsis.o)
    0x000031be   0x000031be   0x00000024   Code   RO          861    i.isrSignalSet      RTX_CM3.lib(rt_cmsis.o)
    0x000031e2   0x000031e2   0x00000002   PAD
    0x000031e4   0x000031e4   0x00000028   Code   RO         1686    i.isr_evt_set       RTX_CM3.lib(rt_event.o)
    0x0000320c   0x0000320c   0x00000056   Code   RO         1804    i.isr_mbx_receive   RTX_CM3.lib(rt_mailbox.o)
    0x00003262   0x00003262   0x0000000e   Code   RO         1805    i.isr_mbx_send      RTX_CM3.lib(rt_mailbox.o)
    0x00003270   0x00003270   0x00000050   Code   RO          217    i.lcd_initialize    main.o
    0x000032c0   0x000032c0   0x00000016   Code   RO          218    i.main              main.o
    0x000032d6   0x000032d6   0x00000002   PAD
    0x000032d8   0x000032d8   0x00000018   Code   RO          862    i.osDelay           RTX_CM3.lib(rt_cmsis.o)
    0x000032f0   0x000032f0   0x00000024   Code   RO          863    i.osKernelInitialize  RTX_CM3.lib(rt_cmsis.o)
    0x00003314   0x00003314   0x0000006c   Code   RO          865    i.osKernelStart     RTX_CM3.lib(rt_cmsis.o)
    0x00003380   0x00003380   0x00000018   Code   RO          874    i.osMessageGet      RTX_CM3.lib(rt_cmsis.o)
    0x00003398   0x00003398   0x00000018   Code   RO          889    i.osSignalSet       RTX_CM3.lib(rt_cmsis.o)
    0x000033b0   0x000033b0   0x00000018   Code   RO          890    i.osSignalWait      RTX_CM3.lib(rt_cmsis.o)
    0x000033c8   0x000033c8   0x0000002c   Code   RO          891    i.osThreadCreate    RTX_CM3.lib(rt_cmsis.o)
    0x000033f4   0x000033f4   0x00000018   Code   RO          892    i.osThreadExit      RTX_CM3.lib(rt_cmsis.o)
    0x0000340c   0x0000340c   0x0000000c   Code   RO          898    i.osTimerCall       RTX_CM3.lib(rt_cmsis.o)
    0x00003418   0x00003418   0x0000002c   Code   RO          903    i.osTimerThread     RTX_CM3.lib(rt_cmsis.o)
    0x00003444   0x00003444   0x00000022   Code   RO          292    i.os_error          rtx_conf_cm.o
    0x00003466   0x00003466   0x00000004   Code   RO          293    i.os_idle_demon     rtx_conf_cm.o
    0x0000346a   0x0000346a   0x00000002   PAD
    0x0000346c   0x0000346c   0x00000028   Code   RO         1596    i.os_tick_init      RTX_CM3.lib(rt_system.o)
    0x00003494   0x00003494   0x00000002   Code   RO         1597    i.os_tick_irqack    RTX_CM3.lib(rt_system.o)
    0x00003496   0x00003496   0x00000002   PAD
    0x00003498   0x00003498   0x000009d8   Code   RO         2129    i.pow               m_ws.l(pow.o)
    0x00003e70   0x00003e70   0x0000004c   Code   RO          113    i.read_bits         thread_rtc.o
    0x00003ebc   0x00003ebc   0x0000004c   Code   RO            8    i.reset_lcd         lcd.o
    0x00003f08   0x00003f08   0x00000034   Code   RO          114    i.reset_rtc_date    thread_rtc.o
    0x00003f3c   0x00003f3c   0x00000010   Code   RO            9    i.retardo           lcd.o
    0x00003f4c   0x00003f4c   0x0000001a   Code   RO         1950    i.rt_alloc_box      RTX_CM3.lib(rt_membox.o)
    0x00003f66   0x00003f66   0x0000003e   Code   RO         1978    i.rt_alloc_mem      RTX_CM3.lib(rt_memory.o)
    0x00003fa4   0x00003fa4   0x00000038   Code   RO         1477    i.rt_block          RTX_CM3.lib(rt_task.o)
    0x00003fdc   0x00003fdc   0x00000048   Code   RO         1927    i.rt_chk_robin      RTX_CM3.lib(rt_robin.o)
    0x00004024   0x00004024   0x00000070   Code   RO         1728    i.rt_dec_dly        RTX_CM3.lib(rt_list.o)
    0x00004094   0x00004094   0x00000044   Code   RO         1478    i.rt_dispatch       RTX_CM3.lib(rt_task.o)
    0x000040d8   0x000040d8   0x00000006   Code   RO         1894    i.rt_dly_wait       RTX_CM3.lib(rt_time.o)
    0x000040de   0x000040de   0x00000002   PAD
    0x000040e0   0x000040e0   0x00000050   Code   RO         1689    i.rt_evt_psh        RTX_CM3.lib(rt_event.o)
    0x00004130   0x00004130   0x0000005c   Code   RO         1690    i.rt_evt_set        RTX_CM3.lib(rt_event.o)
    0x0000418c   0x0000418c   0x0000003c   Code   RO         1691    i.rt_evt_wait       RTX_CM3.lib(rt_event.o)
    0x000041c8   0x000041c8   0x0000002c   Code   RO         1951    i.rt_free_box       RTX_CM3.lib(rt_membox.o)
    0x000041f4   0x000041f4   0x00000028   Code   RO         1979    i.rt_free_mem       RTX_CM3.lib(rt_memory.o)
    0x0000421c   0x0000421c   0x00000028   Code   RO         1729    i.rt_get_first      RTX_CM3.lib(rt_list.o)
    0x00004244   0x00004244   0x00000008   Code   RO          908    i.rt_id2obj         RTX_CM3.lib(rt_cmsis.o)
    0x0000424c   0x0000424c   0x00000048   Code   RO         1479    i.rt_init_context   RTX_CM3.lib(rt_task.o)
    0x00004294   0x00004294   0x0000001a   Code   RO         1980    i.rt_init_mem       RTX_CM3.lib(rt_memory.o)
    0x000042ae   0x000042ae   0x00000002   PAD
    0x000042b0   0x000042b0   0x00000018   Code   RO         1928    i.rt_init_robin     RTX_CM3.lib(rt_robin.o)
    0x000042c8   0x000042c8   0x00000080   Code   RO         2005    i.rt_init_stack     RTX_CM3.lib(hal_cm.o)
    0x00004348   0x00004348   0x00000008   Code   RO         1806    i.rt_mbx_check      RTX_CM3.lib(rt_mailbox.o)
    0x00004350   0x00004350   0x0000001a   Code   RO         1807    i.rt_mbx_init       RTX_CM3.lib(rt_mailbox.o)
    0x0000436a   0x0000436a   0x00000002   PAD
    0x0000436c   0x0000436c   0x000000f0   Code   RO         1808    i.rt_mbx_psh        RTX_CM3.lib(rt_mailbox.o)
    0x0000445c   0x0000445c   0x000000b4   Code   RO         1810    i.rt_mbx_wait       RTX_CM3.lib(rt_mailbox.o)
    0x00004510   0x00004510   0x00000044   Code   RO          909    i.rt_ms2tick        RTX_CM3.lib(rt_cmsis.o)
    0x00004554   0x00004554   0x000000d8   Code   RO         1563    i.rt_mut_release    RTX_CM3.lib(rt_mutex.o)
    0x0000462c   0x0000462c   0x00000078   Code   RO         1564    i.rt_mut_wait       RTX_CM3.lib(rt_mutex.o)
    0x000046a4   0x000046a4   0x0000007c   Code   RO         1600    i.rt_pop_req        RTX_CM3.lib(rt_system.o)
    0x00004720   0x00004720   0x00000020   Code   RO         1601    i.rt_psh_req        RTX_CM3.lib(rt_system.o)
    0x00004740   0x00004740   0x0000005c   Code   RO         1731    i.rt_psq_enq        RTX_CM3.lib(rt_list.o)
    0x0000479c   0x0000479c   0x00000048   Code   RO         1732    i.rt_put_dly        RTX_CM3.lib(rt_list.o)
    0x000047e4   0x000047e4   0x00000036   Code   RO         1733    i.rt_put_prio       RTX_CM3.lib(rt_list.o)
    0x0000481a   0x0000481a   0x00000002   PAD
    0x0000481c   0x0000481c   0x00000014   Code   RO         1734    i.rt_put_rdy_first  RTX_CM3.lib(rt_list.o)
    0x00004830   0x00004830   0x00000034   Code   RO         1735    i.rt_resort_prio    RTX_CM3.lib(rt_list.o)
    0x00004864   0x00004864   0x00000006   Code   RO         2006    i.rt_ret_val        RTX_CM3.lib(hal_cm.o)
    0x0000486a   0x0000486a   0x00000008   Code   RO         2007    i.rt_ret_val2       RTX_CM3.lib(hal_cm.o)
    0x00004872   0x00004872   0x00000028   Code   RO         1736    i.rt_rmv_dly        RTX_CM3.lib(rt_list.o)
    0x0000489a   0x0000489a   0x00000002   PAD
    0x0000489c   0x0000489c   0x00000030   Code   RO         1737    i.rt_rmv_list       RTX_CM3.lib(rt_list.o)
    0x000048cc   0x000048cc   0x00000034   Code   RO         1855    i.rt_sem_psh        RTX_CM3.lib(rt_semaphore.o)
    0x00004900   0x00004900   0x00000024   Code   RO         1603    i.rt_stk_check      RTX_CM3.lib(rt_system.o)
    0x00004924   0x00004924   0x00000028   Code   RO         1480    i.rt_switch_req     RTX_CM3.lib(rt_task.o)
    0x0000494c   0x0000494c   0x000000cc   Code   RO         1481    i.rt_sys_init       RTX_CM3.lib(rt_task.o)
    0x00004a18   0x00004a18   0x00000078   Code   RO         1482    i.rt_sys_start      RTX_CM3.lib(rt_task.o)
    0x00004a90   0x00004a90   0x00000040   Code   RO         1605    i.rt_systick        RTX_CM3.lib(rt_system.o)
    0x00004ad0   0x00004ad0   0x00000012   Code   RO          910    i.rt_tid2ptcb       RTX_CM3.lib(rt_cmsis.o)
    0x00004ae2   0x00004ae2   0x00000002   PAD
    0x00004ae4   0x00004ae4   0x00000034   Code   RO          911    i.rt_timer_insert   RTX_CM3.lib(rt_cmsis.o)
    0x00004b18   0x00004b18   0x00000088   Code   RO         1483    i.rt_tsk_create     RTX_CM3.lib(rt_task.o)
    0x00004ba0   0x00004ba0   0x0000017c   Code   RO         1484    i.rt_tsk_delete     RTX_CM3.lib(rt_task.o)
    0x00004d1c   0x00004d1c   0x0000007c   Code   RO         1486    i.rt_tsk_prio       RTX_CM3.lib(rt_task.o)
    0x00004d98   0x00004d98   0x00000010   Code   RO         1487    i.rt_tsk_self       RTX_CM3.lib(rt_task.o)
    0x00004da8   0x00004da8   0x0000004c   Code   RO         2191    i.sqrt              m_ws.l(sqrt.o)
    0x00004df4   0x00004df4   0x00000012   Code   RO          913    i.svcDelay          RTX_CM3.lib(rt_cmsis.o)
    0x00004e06   0x00004e06   0x00000002   PAD
    0x00004e08   0x00004e08   0x00000070   Code   RO          914    i.svcKernelInitialize  RTX_CM3.lib(rt_cmsis.o)
    0x00004e78   0x00004e78   0x00000048   Code   RO          916    i.svcKernelStart    RTX_CM3.lib(rt_cmsis.o)
    0x00004ec0   0x00004ec0   0x00000024   Code   RO          919    i.svcMessageCreate  RTX_CM3.lib(rt_cmsis.o)
    0x00004ee4   0x00004ee4   0x0000003a   Code   RO          920    i.svcMessageGet     RTX_CM3.lib(rt_cmsis.o)
    0x00004f1e   0x00004f1e   0x00000024   Code   RO          932    i.svcSignalSet      RTX_CM3.lib(rt_cmsis.o)
    0x00004f42   0x00004f42   0x00000002   PAD
    0x00004f44   0x00004f44   0x00000054   Code   RO          933    i.svcSignalWait     RTX_CM3.lib(rt_cmsis.o)
    0x00004f98   0x00004f98   0x0000006c   Code   RO          934    i.svcThreadCreate   RTX_CM3.lib(rt_cmsis.o)
    0x00005004   0x00005004   0x0000001c   Code   RO          935    i.svcThreadGetId    RTX_CM3.lib(rt_cmsis.o)
    0x00005020   0x00005020   0x00000038   Code   RO          938    i.svcThreadTerminate  RTX_CM3.lib(rt_cmsis.o)
    0x00005058   0x00005058   0x00000018   Code   RO          940    i.svcTimerCall      RTX_CM3.lib(rt_cmsis.o)
    0x00005070   0x00005070   0x0000005c   Code   RO          949    i.sysTimerTick      RTX_CM3.lib(rt_cmsis.o)
    0x000050cc   0x000050cc   0x00000064   Code   RO          115    i.thread_led3       thread_rtc.o
    0x00005130   0x00005130   0x000000c0   Code   RO          116    i.thread_rtc        thread_rtc.o
    0x000051f0   0x000051f0   0x00000010   Code   RO           11    i.wr_cmd            lcd.o
    0x00005200   0x00005200   0x00000010   Code   RO           12    i.wr_data           lcd.o
    0x00005210   0x00005210   0x00000150   Code   RO         2112    x$fpl$dadd          fz_ws.l(daddsub_clz.o)
    0x00005360   0x00005360   0x00000010   Code   RO         2231    x$fpl$dcheck1       fz_ws.l(dcheck1.o)
    0x00005370   0x00005370   0x00000018   Code   RO         2253    x$fpl$dcmpinf       fz_ws.l(dcmpi.o)
    0x00005388   0x00005388   0x000002b0   Code   RO         2157    x$fpl$ddiv          fz_ws.l(ddiv.o)
    0x00005638   0x00005638   0x0000005e   Code   RO         2118    x$fpl$dfix          fz_ws.l(dfix.o)
    0x00005696   0x00005696   0x0000002e   Code   RO         2123    x$fpl$dflt          fz_ws.l(dflt_clz.o)
    0x000056c4   0x000056c4   0x00000078   Code   RO         2233    x$fpl$dleqf         fz_ws.l(dleqf.o)
    0x0000573c   0x0000573c   0x00000154   Code   RO         2160    x$fpl$dmul          fz_ws.l(dmul.o)
    0x00005890   0x00005890   0x0000009c   Code   RO         2162    x$fpl$dnaninf       fz_ws.l(dnaninf.o)
    0x0000592c   0x0000592c   0x0000000c   Code   RO         2164    x$fpl$dretinf       fz_ws.l(dretinf.o)
    0x00005938   0x00005938   0x0000006c   Code   RO         2166    x$fpl$drleqf        fz_ws.l(drleqf.o)
    0x000059a4   0x000059a4   0x00000016   Code   RO         2113    x$fpl$drsb          fz_ws.l(daddsub_clz.o)
    0x000059ba   0x000059ba   0x00000002   PAD
    0x000059bc   0x000059bc   0x000001cc   Code   RO         2235    x$fpl$dsqrt         fz_ws.l(dsqrt_noumaal.o)
    0x00005b88   0x00005b88   0x000001d4   Code   RO         2114    x$fpl$dsub          fz_ws.l(daddsub_clz.o)
    0x00005d5c   0x00005d5c   0x00000064   Code   RO         2255    x$fpl$retnan        fz_ws.l(retnan.o)
    0x00005dc0   0x00005dc0   0x0000005c   Code   RO         2168    x$fpl$scalbn        fz_ws.l(scalbn.o)
    0x00005e1c   0x00005e1c   0x00000030   Code   RO         2327    x$fpl$trapveneer    fz_ws.l(trapv.o)
    0x00005e4c   0x00005e4c   0x00000000   Code   RO         2170    x$fpl$usenofp       fz_ws.l(usenofp.o)
    0x00005e4c   0x00005e4c   0x00000960   Data   RO           14    .constdata          lcd.o
    0x000067ac   0x000067ac   0x00000020   Data   RO          117    .constdata          thread_rtc.o
    0x000067cc   0x000067cc   0x00000068   Data   RO          295    .constdata          rtx_conf_cm.o
    0x00006834   0x00006834   0x0000006c   Data   RO          363    .constdata          spi_lpc17xx.o
    0x000068a0   0x000068a0   0x0000007c   Data   RO          487    .constdata          ssp_lpc17xx.o
    0x0000691c   0x0000691c   0x00000004   PAD
    0x00006920   0x00006920   0x00000088   Data   RO         2130    .constdata          m_ws.l(pow.o)
    0x000069a8   0x000069a8   0x00000008   Data   RO         2189    .constdata          m_ws.l(qnan.o)
    0x000069b0   0x000069b0   0x00000030   Data   RO         2369    Region$$Table       anon$$obj.o


    Execution Region RW_IRAM1 (Exec base: 0x10000000, Load base: 0x000069e0, Size: 0x00001f18, Max: 0x00008000, ABSOLUTE)

    Exec Addr    Load Addr    Size         Type   Attr      Idx    E Section Name        Object

    0x10000000        -       0x00001f18   Zero   RW          294    .bss                rtx_conf_cm.o


    Execution Region RW_IRAM2 (Exec base: 0x2007c000, Load base: 0x000069e0, Size: 0x000005f0, Max: 0x00008000, ABSOLUTE)

    Exec Addr    Load Addr    Size         Type   Attr      Idx    E Section Name        Object

    0x2007c000   0x000069e0   0x00000006   Data   RW           15    .data               lcd.o
    0x2007c006   0x000069e6   0x00000001   Data   RW          118    .data               thread_rtc.o
    0x2007c007   0x000069e7   0x00000001   PAD
    0x2007c008   0x000069e8   0x00000008   Data   RW          220    .data               main.o
    0x2007c010   0x000069f0   0x00000014   Data   RW          296    .data               rtx_conf_cm.o
    0x2007c024   0x00006a04   0x0000000c   Data   RW          364    .data               spi_lpc17xx.o
    0x2007c030   0x00006a10   0x00000010   Data   RW          488    .data               ssp_lpc17xx.o
    0x2007c040   0x00006a20   0x00000008   Data   RW          645    .data               gpdma_lpc17xx.o
    0x2007c048   0x00006a28   0x00000004   Data   RW          824    .data               system_lpc17xx.o
    0x2007c04c   0x00006a2c   0x00000008   Data   RW          952    .data               RTX_CM3.lib(rt_cmsis.o)
    0x2007c054   0x00006a34   0x00000008   Data   RW         1489    .data               RTX_CM3.lib(rt_task.o)
    0x2007c05c   0x00006a3c   0x00000008   Data   RW         1608    .data               RTX_CM3.lib(rt_system.o)
    0x2007c064   0x00006a44   0x00000004   Data   RW         1898    .data               RTX_CM3.lib(rt_time.o)
    0x2007c068   0x00006a48   0x00000008   Data   RW         1929    .data               RTX_CM3.lib(rt_robin.o)
    0x2007c070   0x00006a50   0x00000001   Data   RW         2008    .data               RTX_CM3.lib(hal_cm.o)
    0x2007c071   0x00006a51   0x00000003   PAD
    0x2007c074        -       0x00000200   Zero   RW           13    .bss                lcd.o
    0x2007c274        -       0x00000028   Zero   RW          219    .bss                main.o
    0x2007c29c        -       0x00000028   Zero   RW          362    .bss                spi_lpc17xx.o
    0x2007c2c4        -       0x00000028   Zero   RW          486    .bss                ssp_lpc17xx.o
    0x2007c2ec        -       0x00000040   Zero   RW          644    .bss                gpdma_lpc17xx.o
    0x2007c32c        -       0x00000034   Zero   RW         1488    .bss                RTX_CM3.lib(rt_task.o)
    0x2007c360        -       0x00000030   Zero   RW         1738    .bss                RTX_CM3.lib(rt_list.o)
    0x2007c390        -       0x00000060   Zero   RW         2066    .bss                c_w.l(libspace.o)
    0x2007c3f0        -       0x00000000   Zero   RW          810    HEAP                startup_lpc17xx.o
    0x2007c3f0        -       0x00000200   Zero   RW          809    STACK               startup_lpc17xx.o


==============================================================================

Image component sizes


      Code (inc. data)   RO Data    RW Data    ZI Data      Debug   Object Name

       792         90          0          8         64       8454   gpdma_lpc17xx.o
        96          8          0          0          0       1270   gpio_lpc17xx.o
       908         52       2400          6        512      16208   lcd.o
       360         50          0          8         40      31174   main.o
       252          6          0          0          0        844   pin_lpc17xx.o
       170         38        104         20       7960       9895   rtx_conf_cm.o
      3828         86        108         12         40      40042   spi_lpc17xx.o
      3952        106        124         16         40      27992   ssp_lpc17xx.o
        64         26        204          0        512       1016   startup_lpc17xx.o
       320         18          0          4          0        823   system_lpc17xx.o
       484         76         32          1          0      25046   thread_rtc.o

    ----------------------------------------------------------------------
     11234        556       3024         76       9168     162764   Object Totals
         0          0         48          0          0          0   (incl. Generated)
         8          0          4          1          0          0   (incl. Padding)

    ----------------------------------------------------------------------

      Code (inc. data)   RO Data    RW Data    ZI Data      Debug   Library Member Name

       238         24          0          1          0       3312   hal_cm.o
       304         36          0          0          0        768   hal_cm3.o
      1356        160          0          8          0      36170   rt_cmsis.o
       272         18          0          0          0       2650   rt_event.o
       530         34          0          0         48       8253   rt_list.o
       554         10          0          0          0       3949   rt_mailbox.o
       140          0          0          0          0       1925   rt_membox.o
       128          0          0          0          0       2307   rt_memory.o
       336         14          0          0          0       1643   rt_mutex.o
        96         22          0          8          0       1158   rt_robin.o
        52          4          0          0          0        573   rt_semaphore.o
       298         52          0          8          0       6223   rt_system.o
      1216        174          0          8         52       9649   rt_task.o
         6          0          0          4          0        652   rt_time.o
         4          4          0          0          0        208   svc_table.o
         8          0          0          0          0         68   __main.o
       284          0          0          0          0        156   __printf_wp.o
         0          0          0          0          0          0   __rtentry.o
        20          0          0          0          0          0   __rtentry2.o
         6          0          0          0          0          0   __rtentry4.o
        52          8          0          0          0          0   __scatter.o
        26          0          0          0          0          0   __scatter_copy.o
        28          0          0          0          0          0   __scatter_zi.o
        48          6          0          0          0         96   _printf_char_common.o
         6          0          0          0          0          0   _printf_d.o
       120         16          0          0          0         92   _printf_dec.o
       178          0          0          0          0         88   _printf_intcommon.o
         0          0          0          0          0          0   _printf_percent.o
         4          0          0          0          0          0   _printf_percent_end.o
        22          0          0          0          0        100   _rserrno.o
        16          0          0          0          0         68   _snputc.o
        10          0          0          0          0         68   _sputc.o
        18          0          0          0          0         80   exit.o
         6          0          0          0          0        152   heapauxi.o
         0          0          0          0          0          0   indicate_semi.o
         2          0          0          0          0          0   libinit.o
         2          0          0          0          0          0   libinit2.o
         2          0          0          0          0          0   libshutdown.o
         2          0          0          0          0          0   libshutdown2.o
         8          4          0          0         96         68   libspace.o
        52          4          0          0          0         84   noretval__2snprintf.o
        40          6          0          0          0         84   noretval__2sprintf.o
         4          0          0          0          0         68   rt_errno_addr_twolibspace.o
        78          0          0          0          0         80   rt_memclr_w.o
         2          0          0          0          0          0   rtexit.o
        10          0          0          0          0          0   rtexit2.o
        12          4          0          0          0         68   sys_exit.o
        74          0          0          0          0         80   sys_stackheap_outer.o
         2          0          0          0          0         68   use_no_semi.o
       826         16          0          0          0        348   daddsub_clz.o
        16          4          0          0          0         68   dcheck1.o
        24          0          0          0          0         68   dcmpi.o
       688        140          0          0          0        208   ddiv.o
        94          4          0          0          0         92   dfix.o
        46          0          0          0          0         68   dflt_clz.o
       120          4          0          0          0         92   dleqf.o
       340         12          0          0          0        104   dmul.o
       156          4          0          0          0         92   dnaninf.o
        12          0          0          0          0         68   dretinf.o
       108          0          0          0          0         80   drleqf.o
       460         56          0          0          0        120   dsqrt_noumaal.o
       100          0          0          0          0         68   retnan.o
        92          0          0          0          0         68   scalbn.o
        48          0          0          0          0         68   trapv.o
         0          0          0          0          0          0   usenofp.o
        62         10          0          0          0        340   dunder.o
        40          0          0          0          0         68   fpclassify.o
       170          0          0          0          0         96   poly.o
      2520        190        136          0          0        324   pow.o
         0          0          8          0          0          0   qnan.o
        76          0          0          0          0         84   sqrt.o

    ----------------------------------------------------------------------
     12702       1040        144         40        196      83532   Library Totals
        32          0          0          3          0          0   (incl. Padding)

    ----------------------------------------------------------------------

      Code (inc. data)   RO Data    RW Data    ZI Data      Debug   Library Name

      5530        552          0         37        100      79440   RTX_CM3.lib
      1142         48          0          0         96       1568   c_w.l
      3130        240          0          0          0       1612   fz_ws.l
      2868        200        144          0          0        912   m_ws.l

    ----------------------------------------------------------------------
     12702       1040        144         40        196      83532   Library Totals

    ----------------------------------------------------------------------

==============================================================================


      Code (inc. data)   RO Data    RW Data    ZI Data      Debug   

     23936       1596       3168        116       9364     235944   Grand Totals
     23936       1596       3168        116       9364     235944   ELF Image Totals
     23936       1596       3168        116          0          0   ROM Totals

==============================================================================

    Total RO  Size (Code + RO Data)                27104 (  26.47kB)
    Total RW  Size (RW Data + ZI Data)              9480 (   9.26kB)
    Total ROM Size (Code + RO Data + RW Data)      27220 (  26.58kB)

==============================================================================

